
   WARN  Tests\Feature\Controllers\ApiControllerTest
  Γ£ô user is authenticated                                                                                                                                                                                                    0.54s  
  Γ£ô services can be mocked                                                                                                                                                                                                   0.05s  
  Γ£ô user factory creates valid user                                                                                                                                                                                          0.05s  
  - buy action with valid data ΓåÆ Complex integration test - requires full database setup                                                                                                                                     0.07s  
  - buy action fails with insufficient balance ΓåÆ Requires full balance system setup                                                                                                                                          0.05s  
  - buy action for other user ΓåÆ Requires phone verification system                                                                                                                                                           0.07s  
  - flash sale gift calculation ΓåÆ Requires VIP and flash sale configuration                                                                                                                                                  0.06s  
  - regular gift actions calculation ΓåÆ Requires gift calculation system                                                                                                                                                      0.05s  
  - proactive sponsorship is applied ΓåÆ Requires sponsorship system                                                                                                                                                           0.06s  

   PASS  Tests\Feature\Controllers\BalancesControllerTest
  Γ£ô user is authenticated                                                                                                                                                                                                    0.08s  
  Γ£ô add cash validates amount                                                                                                                                                                                                0.12s  
  Γ£ô add cash requires recipient                                                                                                                                                                                              0.05s  
  Γ£ô recipient user exists                                                                                                                                                                                                    0.05s  

   PASS  Tests\Feature\Controllers\BalancesOperationsControllerTest
  Γ£ô user is authenticated                                                                                                                                                                                                    0.07s  
  Γ£ô controller methods exist                                                                                                                                                                                                 0.05s  
  Γ£ô user factory works                                                                                                                                                                                                       0.04s  

   PASS  Tests\Feature\Controllers\ContactUserControllerTest
  Γ£ô user is authenticated                                                                                                                                                                                                    0.05s  
  Γ£ô controller methods exist                                                                                                                                                                                                 0.04s  
  Γ£ô user instance is valid                                                                                                                                                                                                   0.04s  

   PASS  Tests\Feature\Controllers\ContactsControllerTest
  Γ£ô user is authenticated                                                                                                                                                                                                    0.06s  
  Γ£ô controller methods exist                                                                                                                                                                                                 0.05s  
  Γ£ô user instance is valid                                                                                                                                                                                                   0.05s  

   PASS  Tests\Feature\Controllers\ControllerTest
  Γ£ô base controller exists                                                                                                                                                                                                   0.06s  
  Γ£ô base controller extends laravel controller                                                                                                                                                                               0.04s  

   PASS  Tests\Feature\Controllers\CountriesControllerTest
  Γ£ô index returns json response                                                                                                                                                                                              0.07s  
  Γ£ô countries service can be mocked                                                                                                                                                                                          0.04s  
  Γ£ô user is authenticated                                                                                                                                                                                                    0.06s  

   PASS  Tests\Feature\Controllers\CouponsControllerTest
  Γ£ô user is authenticated                                                                                                                                                                                                    0.05s  
  Γ£ô coupon service can be mocked                                                                                                                                                                                             0.04s  
  Γ£ô delete with empty ids returns error                                                                                                                                                                                      0.06s  
  Γ£ô delete request structure                                                                                                                                                                                                 0.05s  
  Γ£ô user factory creates valid user                                                                                                                                                                                          0.08s  

   PASS  Tests\Feature\Controllers\DealsControllerTest
  Γ£ô user is authenticated                                                                                                                                                                                                    0.07s  
  Γ£ô controller methods exist                                                                                                                                                                                                 0.06s  
  Γ£ô user factory works                                                                                                                                                                                                       0.06s  

   PASS  Tests\Feature\Controllers\FinancialRequestControllerTest
  Γ£ô user is authenticated                                                                                                                                                                                                    0.07s  
  Γ£ô financial request service can be mocked                                                                                                                                                                                  0.06s  
  Γ£ô controller methods exist                                                                                                                                                                                                 0.07s  
  Γ£ô user instance is valid                                                                                                                                                                                                   0.04s  

   FAIL  Tests\Feature\Controllers\HomeControllerTest
  Γ£ô authenticated user can access home                                                                                                                                                                                       0.04s  
  Γ¿» lang changes session locale                                                                                                                                                                                              0.34s  
  Γ¿» update profile validates required fields                                                                                                                                                                                 0.33s  
  Γ¿» update profile with valid data                                                                                                                                                                                           0.31s  
  Γ¿» update password requires current password                                                                                                                                                                                0.30s  
  Γ¿» update password requires confirmation                                                                                                                                                                                    0.31s  

   PASS  Tests\Feature\Controllers\NotificationsControllerTest
  Γ£ô user is authenticated                                                                                                                                                                                                    0.06s  
  Γ£ô settings manager can be mocked                                                                                                                                                                                           0.06s  
  Γ£ô controller has index method                                                                                                                                                                                              0.04s  
  Γ£ô user factory creates valid user                                                                                                                                                                                          0.04s  

   WARN  Tests\Feature\Controllers\OAuthControllerTest
  Γ£ô user factory creates valid user                                                                                                                                                                                          0.07s  
  Γ£ô controller has callback method                                                                                                                                                                                           0.04s  
  - callback with valid code ΓåÆ Requires OAuth configuration                                                                                                                                                                  0.06s  
  - callback fails without code ΓåÆ Requires OAuth flow                                                                                                                                                                        0.04s  
  - callback fails with invalid token ΓåÆ Requires token validation                                                                                                                                                            0.03s  
  - callback decodes jwt token ΓåÆ Requires JWT setup                                                                                                                                                                          0.06s  
  - callback logs in user ΓåÆ Requires user authentication                                                                                                                                                                     0.05s  
  - callback redirects to home ΓåÆ Requires redirect testing                                                                                                                                                                   0.06s  
  - callback fails with missing id token ΓåÆ Requires ID token validation                                                                                                                                                      0.04s  

   FAIL  Tests\Feature\Controllers\PlatformControllerTest
  Γ¿» index returns datatables                                                                                                                                                                                                 0.09s  
  Γ£ô platforms can be created                                                                                                                                                                                                 0.06s  
  Γ£ô platform has required attributes                                                                                                                                                                                         0.06s  

   PASS  Tests\Feature\Controllers\PostControllerTest
  Γ£ô user is authenticated                                                                                                                                                                                                    0.04s  
  Γ£ô controller methods exist                                                                                                                                                                                                 0.05s  
  Γ£ô verify mail endpoint responds                                                                                                                                                                                            0.07s  
  Γ£ô user has email attribute                                                                                                                                                                                                 0.06s  
  Γ£ô user instance is valid                                                                                                                                                                                                   0.05s  

   PASS  Tests\Feature\Controllers\RepresentativesControllerTest
  Γ£ô user is authenticated                                                                                                                                                                                                    0.04s  
  Γ£ô representatives service can be mocked                                                                                                                                                                                    0.05s  
  Γ£ô controller has index method                                                                                                                                                                                              0.05s  
  Γ£ô user instance is valid                                                                                                                                                                                                   0.05s  

   PASS  Tests\Feature\Controllers\RequestControllerTest
  Γ£ô user is authenticated                                                                                                                                                                                                    0.05s  
  Γ£ô settings manager can be mocked                                                                                                                                                                                           0.06s  
  Γ£ô controller has index method                                                                                                                                                                                              0.06s  
  Γ£ô user factory creates valid user                                                                                                                                                                                          0.06s  

   PASS  Tests\Feature\Controllers\RolesControllerTest
  Γ£ô index returns datatables                                                                                                                                                                                                 0.08s  
  Γ£ô role can be created                                                                                                                                                                                                      0.07s  
  Γ£ô role has timestamps                                                                                                                                                                                                      0.05s  

   PASS  Tests\Feature\Controllers\SettingsControllerTest
  Γ£ô user is authenticated                                                                                                                                                                                                    0.04s  
  Γ£ô controller methods exist                                                                                                                                                                                                 0.06s  
  Γ£ô user factory creates valid user                                                                                                                                                                                          0.06s  
  Γ£ô setting model exists                                                                                                                                                                                                     0.04s  

   PASS  Tests\Feature\Controllers\SharesControllerTest
  Γ£ô user is authenticated                                                                                                                                                                                                    0.04s  
  Γ£ô services can be mocked                                                                                                                                                                                                   0.04s  
  Γ£ô controller methods exist                                                                                                                                                                                                 0.04s  
  Γ£ô user factory creates valid user                                                                                                                                                                                          0.06s  

   PASS  Tests\Feature\Controllers\SmsControllerTest
  Γ£ô user is authenticated                                                                                                                                                                                                    0.07s  
  Γ£ô sms service can be mocked                                                                                                                                                                                                0.06s  
  Γ£ô controller methods exist                                                                                                                                                                                                 0.06s  
  Γ£ô user factory creates valid user                                                                                                                                                                                          0.07s  

   PASS  Tests\Feature\Controllers\TargetControllerTest
  Γ£ô user is authenticated                                                                                                                                                                                                    0.04s  
  Γ£ô controller has get target data method                                                                                                                                                                                    0.03s  
  Γ£ô user factory creates valid user                                                                                                                                                                                          0.04s  
  Γ£ô target class exists                                                                                                                                                                                                      0.06s  

   PASS  Tests\Feature\Controllers\UsersBalancesControllerTest
  Γ£ô user is authenticated                                                                                                                                                                                                    0.06s  
  Γ£ô balance service can be mocked                                                                                                                                                                                            0.06s  
  Γ£ô controller methods exist                                                                                                                                                                                                 0.03s  
  Γ£ô user factory creates valid user                                                                                                                                                                                          0.04s  

   PASS  Tests\Feature\Controllers\UserssControllerTest
  Γ£ô user is authenticated                                                                                                                                                                                                    0.06s  
  Γ£ô services can be mocked                                                                                                                                                                                                   0.06s  
  Γ£ô controller methods exist                                                                                                                                                                                                 0.06s  
  Γ£ô user factory creates valid user                                                                                                                                                                                          0.07s  

   PASS  Tests\Feature\Controllers\VipControllerTest
  Γ£ô user is authenticated                                                                                                                                                                                                    0.07s  
  Γ£ô controller has create method                                                                                                                                                                                             0.06s  
  Γ£ô user factory creates valid user                                                                                                                                                                                          0.04s  
  Γ£ô vip and setting models exist                                                                                                                                                                                             0.04s  
  Γ£ô create endpoint accepts post request                                                                                                                                                                                     0.05s  

   PASS  Tests\Feature\Controllers\VoucherControllerTest
  Γ£ô authenticated user can access vouchers                                                                                                                                                                                   0.06s  
  Γ£ô delete with empty ids returns error                                                                                                                                                                                      0.07s  
  Γ£ô delete request accepts ids array                                                                                                                                                                                         0.08s  
  Γ£ô user has required attributes                                                                                                                                                                                             0.06s  
  ΓöÇΓöÇΓöÇΓöÇΓöÇΓöÇΓöÇΓöÇΓöÇΓöÇΓöÇΓöÇΓöÇΓöÇΓöÇΓöÇΓöÇΓöÇΓöÇΓöÇΓöÇΓöÇΓöÇΓöÇΓöÇΓöÇΓöÇΓöÇΓöÇΓöÇΓöÇΓöÇΓöÇΓöÇΓöÇΓöÇΓöÇΓöÇΓöÇΓöÇΓöÇΓöÇΓöÇΓöÇΓöÇΓöÇΓöÇΓöÇΓöÇΓöÇΓöÇΓöÇΓöÇΓöÇΓöÇΓöÇΓöÇΓöÇΓöÇΓöÇΓöÇΓöÇΓöÇΓöÇΓöÇΓöÇΓöÇΓöÇΓöÇΓöÇΓöÇΓöÇΓöÇΓöÇΓöÇΓöÇΓöÇΓöÇΓöÇΓöÇΓöÇΓöÇΓöÇΓöÇΓöÇΓöÇΓöÇΓöÇΓöÇΓöÇΓöÇΓöÇΓöÇΓöÇΓöÇΓöÇΓöÇΓöÇΓöÇΓöÇΓöÇΓöÇΓöÇΓöÇΓöÇΓöÇΓöÇΓöÇΓöÇΓöÇΓöÇΓöÇΓöÇΓöÇΓöÇΓöÇΓöÇΓöÇΓöÇΓöÇΓöÇΓöÇΓöÇΓöÇΓöÇΓöÇΓöÇΓöÇΓöÇΓöÇΓöÇΓöÇΓöÇΓöÇΓöÇΓöÇΓöÇΓöÇΓöÇΓöÇΓöÇΓöÇΓöÇΓöÇΓöÇΓöÇΓöÇΓöÇΓöÇΓöÇΓöÇΓöÇΓöÇΓöÇΓöÇΓöÇΓöÇΓöÇΓöÇΓöÇΓöÇΓöÇΓöÇΓöÇΓöÇΓöÇΓöÇΓöÇΓöÇΓöÇΓöÇΓöÇΓöÇΓöÇΓöÇΓöÇΓöÇΓöÇΓöÇΓöÇΓöÇΓöÇΓöÇΓöÇΓöÇΓöÇΓöÇΓöÇΓöÇΓöÇΓöÇΓöÇΓöÇΓöÇΓöÇΓöÇΓöÇΓöÇΓöÇΓöÇΓöÇΓöÇΓöÇΓöÇΓöÇΓöÇΓöÇΓöÇΓöÇΓöÇΓöÇΓöÇΓöÇΓöÇΓöÇΓöÇΓöÇΓöÇΓöÇΓöÇΓöÇΓöÇΓöÇΓöÇ  
   FAILED  Tests\Feature\Controllers\HomeControllerTest > lang changes session locale                                                                                                                                               
  Expected response status code [201, 301, 302, 303, 307, 308] but received 500.
Failed asserting that false is true.

The following exception occurred during the last request:

Illuminate\Foundation\ViteManifestNotFoundException: Vite manifest not found at: C:\laragon\www\2earn\public\build/manifest.json in C:\laragon\www\2earn\vendor\laravel\framework\src\Illuminate\Foundation\Vite.php:935
Stack trace:
#0 C:\laragon\www\2earn\vendor\laravel\framework\src\Illuminate\Foundation\Vite.php(880): Illuminate\Foundation\Vite->manifest('build')
#1 C:\laragon\www\2earn\vendor\laravel\framework\src\Illuminate\Support\Facades\Facade.php(361): Illuminate\Foundation\Vite->asset('resources/image...')
#2 C:\laragon\www\2earn\storage\framework\views\72def6d5f8e8cc5b0bf44ebe712c420d.php(19): Illuminate\Support\Facades\Facade::__callStatic('asset', Array)
#3 C:\laragon\www\2earn\vendor\laravel\framework\src\Illuminate\Filesystem\Filesystem.php(123): require('C:\\laragon\\www\\...')
#4 C:\laragon\www\2earn\vendor\laravel\framework\src\Illuminate\Filesystem\Filesystem.php(124): Illuminate\Filesystem\Filesystem::Illuminate\Filesystem\{closure}()
#5 C:\laragon\www\2earn\vendor\laravel\framework\src\Illuminate\View\Engines\PhpEngine.php(57): Illuminate\Filesystem\Filesystem->getRequire('C:\\laragon\\www\\...', Array)
#6 C:\laragon\www\2earn\vendor\livewire\livewire\src\Mechanisms\ExtendBlade\ExtendedCompilerEngine.php(22): Illuminate\View\Engines\PhpEngine->evaluatePath('C:\\laragon\\www\\...', Array)
#7 C:\laragon\www\2earn\vendor\laravel\framework\src\Illuminate\View\Engines\CompilerEngine.php(76): Livewire\Mechanisms\ExtendBlade\ExtendedCompilerEngine->evaluatePath('C:\\laragon\\www\\...', Array)
#8 C:\laragon\www\2earn\vendor\livewire\livewire\src\Mechanisms\ExtendBlade\ExtendedCompilerEngine.php(10): Illuminate\View\Engines\CompilerEngine->get('C:\\laragon\\www\\...', Array)
#9 C:\laragon\www\2earn\vendor\laravel\framework\src\Illuminate\View\View.php(208): Livewire\Mechanisms\ExtendBlade\ExtendedCompilerEngine->get('C:\\laragon\\www\\...', Array)
#10 C:\laragon\www\2earn\vendor\laravel\framework\src\Illuminate\View\View.php(191): Illuminate\View\View->getContents()
#11 C:\laragon\www\2earn\vendor\laravel\framework\src\Illuminate\View\View.php(160): Illuminate\View\View->renderContents()
#12 C:\laragon\www\2earn\vendor\laravel\framework\src\Illuminate\Http\Response.php(78): Illuminate\View\View->render()
#13 C:\laragon\www\2earn\vendor\laravel\framework\src\Illuminate\Http\Response.php(34): Illuminate\Http\Response->setContent(Object(Illuminate\View\View))
#14 C:\laragon\www\2earn\vendor\laravel\framework\src\Illuminate\Routing\ResponseFactory.php(61): Illuminate\Http\Response->__construct(Object(Illuminate\View\View), 404, Array)
#15 C:\laragon\www\2earn\vendor\laravel\framework\src\Illuminate\Routing\ResponseFactory.php(91): Illuminate\Routing\ResponseFactory->make(Object(Illuminate\View\View), 404, Array)
#16 C:\laragon\www\2earn\app\Exceptions\Handler.php(45): Illuminate\Routing\ResponseFactory->view('errors.404', Array, 404)
#17 C:\laragon\www\2earn\vendor\laravel\framework\src\Illuminate\Routing\Pipeline.php(51): App\Exceptions\Handler->render(Object(Illuminate\Http\Request), Object(Symfony\Component\HttpKernel\Exception\NotFoundHttpException))
#18 C:\laragon\www\2earn\vendor\laravel\framework\src\Illuminate\Pipeline\Pipeline.php(182): Illuminate\Routing\Pipeline->handleException(Object(Illuminate\Http\Request), Object(Symfony\Component\HttpKernel\Exception\NotFoundHttpException))
#19 C:\laragon\www\2earn\vendor\livewire\livewire\src\Features\SupportDisablingBackButtonCache\DisableBackButtonCacheMiddleware.php(19): Illuminate\Pipeline\Pipeline->Illuminate\Pipeline\{closure}(Object(Illuminate\Http\Request))
#20 C:\laragon\www\2earn\vendor\laravel\framework\src\Illuminate\Pipeline\Pipeline.php(219): Livewire\Features\SupportDisablingBackButtonCache\DisableBackButtonCacheMiddleware->handle(Object(Illuminate\Http\Request), Object(Closure))
#21 C:\laragon\www\2earn\vendor\barryvdh\laravel-debugbar\src\Middleware\InjectDebugbar.php(59): Illuminate\Pipeline\Pipeline->Illuminate\Pipeline\{closure}(Object(Illuminate\Http\Request))
#22 C:\laragon\www\2earn\vendor\laravel\framework\src\Illuminate\Pipeline\Pipeline.php(219): Barryvdh\Debugbar\Middleware\InjectDebugbar->handle(Object(Illuminate\Http\Request), Object(Closure))
#23 C:\laragon\www\2earn\vendor\laravel\framework\src\Illuminate\Foundation\Http\Middleware\TransformsRequest.php(21): Illuminate\Pipeline\Pipeline->Illuminate\Pipeline\{closure}(Object(Illuminate\Http\Request))
#24 C:\laragon\www\2earn\vendor\laravel\framework\src\Illuminate\Foundation\Http\Middleware\ConvertEmptyStringsToNull.php(31): Illuminate\Foundation\Http\Middleware\TransformsRequest->handle(Object(Illuminate\Http\Request), Object(Closure))
#25 C:\laragon\www\2earn\vendor\laravel\framework\src\Illuminate\Pipeline\Pipeline.php(219): Illuminate\Foundation\Http\Middleware\ConvertEmptyStringsToNull->handle(Object(Illuminate\Http\Request), Object(Closure))
#26 C:\laragon\www\2earn\vendor\laravel\framework\src\Illuminate\Foundation\Http\Middleware\TransformsRequest.php(21): Illuminate\Pipeline\Pipeline->Illuminate\Pipeline\{closure}(Object(Illuminate\Http\Request))
#27 C:\laragon\www\2earn\vendor\laravel\framework\src\Illuminate\Foundation\Http\Middleware\TrimStrings.php(51): Illuminate\Foundation\Http\Middleware\TransformsRequest->handle(Object(Illuminate\Http\Request), Object(Closure))
#28 C:\laragon\www\2earn\vendor\laravel\framework\src\Illuminate\Pipeline\Pipeline.php(219): Illuminate\Foundation\Http\Middleware\TrimStrings->handle(Object(Illuminate\Http\Request), Object(Closure))
#29 C:\laragon\www\2earn\vendor\laravel\framework\src\Illuminate\Http\Middleware\ValidatePostSize.php(27): Illuminate\Pipeline\Pipeline->Illuminate\Pipeline\{closure}(Object(Illuminate\Http\Request))
#30 C:\laragon\www\2earn\vendor\laravel\framework\src\Illuminate\Pipeline\Pipeline.php(219): Illuminate\Http\Middleware\ValidatePostSize->handle(Object(Illuminate\Http\Request), Object(Closure))
#31 C:\laragon\www\2earn\vendor\laravel\framework\src\Illuminate\Foundation\Http\Middleware\PreventRequestsDuringMaintenance.php(109): Illuminate\Pipeline\Pipeline->Illuminate\Pipeline\{closure}(Object(Illuminate\Http\Request))
#32 C:\laragon\www\2earn\vendor\laravel\framework\src\Illuminate\Pipeline\Pipeline.php(219): Illuminate\Foundation\Http\Middleware\PreventRequestsDuringMaintenance->handle(Object(Illuminate\Http\Request), Object(Closure))
#33 C:\laragon\www\2earn\vendor\laravel\framework\src\Illuminate\Http\Middleware\TrustProxies.php(58): Illuminate\Pipeline\Pipeline->Illuminate\Pipeline\{closure}(Object(Illuminate\Http\Request))
#34 C:\laragon\www\2earn\vendor\laravel\framework\src\Illuminate\Pipeline\Pipeline.php(219): Illuminate\Http\Middleware\TrustProxies->handle(Object(Illuminate\Http\Request), Object(Closure))
#35 C:\laragon\www\2earn\vendor\laravel\framework\src\Illuminate\Pipeline\Pipeline.php(137): Illuminate\Pipeline\Pipeline->Illuminate\Pipeline\{closure}(Object(Illuminate\Http\Request))
#36 C:\laragon\www\2earn\vendor\laravel\framework\src\Illuminate\Foundation\Http\Kernel.php(175): Illuminate\Pipeline\Pipeline->then(Object(Closure))
#37 C:\laragon\www\2earn\vendor\laravel\framework\src\Illuminate\Foundation\Http\Kernel.php(144): Illuminate\Foundation\Http\Kernel->sendRequestThroughRouter(Object(Illuminate\Http\Request))
#38 C:\laragon\www\2earn\vendor\laravel\framework\src\Illuminate\Foundation\Testing\Concerns\MakesHttpRequests.php(607): Illuminate\Foundation\Http\Kernel->handle(Object(Illuminate\Http\Request))
#39 C:\laragon\www\2earn\vendor\laravel\framework\src\Illuminate\Foundation\Testing\Concerns\MakesHttpRequests.php(368): Illuminate\Foundation\Testing\TestCase->call('GET', '/lang/fr', Array, Array, Array, Array)
#40 C:\laragon\www\2earn\tests\Feature\Controllers\HomeControllerTest.php(41): Illuminate\Foundation\Testing\TestCase->get('/lang/fr')
#41 C:\laragon\www\2earn\vendor\phpunit\phpunit\src\Framework\TestCase.php(1656): Tests\Feature\Controllers\HomeControllerTest->test_lang_changes_session_locale()
#42 C:\laragon\www\2earn\vendor\phpunit\phpunit\src\Framework\TestCase.php(514): PHPUnit\Framework\TestCase->runTest()
#43 C:\laragon\www\2earn\vendor\phpunit\phpunit\src\Framework\TestRunner\TestRunner.php(87): PHPUnit\Framework\TestCase->runBare()
#44 C:\laragon\www\2earn\vendor\phpunit\phpunit\src\Framework\TestCase.php(361): PHPUnit\Framework\TestRunner->run(Object(Tests\Feature\Controllers\HomeControllerTest))
#45 C:\laragon\www\2earn\vendor\phpunit\phpunit\src\Framework\TestSuite.php(369): PHPUnit\Framework\TestCase->run()
#46 C:\laragon\www\2earn\vendor\phpunit\phpunit\src\Framework\TestSuite.php(369): PHPUnit\Framework\TestSuite->run()
#47 C:\laragon\www\2earn\vendor\phpunit\phpunit\src\TextUI\TestRunner.php(64): PHPUnit\Framework\TestSuite->run()
#48 C:\laragon\www\2earn\vendor\phpunit\phpunit\src\TextUI\Application.php(211): PHPUnit\TextUI\TestRunner->run(Object(PHPUnit\TextUI\Configuration\Configuration), Object(PHPUnit\Runner\ResultCache\DefaultResultCache), Object(PHPUnit\Framework\TestSuite))
#49 C:\laragon\www\2earn\vendor\phpunit\phpunit\phpunit(104): PHPUnit\TextUI\Application->run(Array)
#50 {main}

Next Spatie\LaravelIgnition\Exceptions\ViewException: Vite manifest not found at: C:\laragon\www\2earn\public\build/manifest.json in C:\laragon\www\2earn\vendor\laravel\framework\src\Illuminate\Foundation\Vite.php:935
Stack trace:
#0 C:\laragon\www\2earn\vendor\laravel\framework\src\Illuminate\Foundation\Vite.php(880): Illuminate\Foundation\Vite->manifest('build')
#1 C:\laragon\www\2earn\vendor\laravel\framework\src\Illuminate\Support\Facades\Facade.php(361): Illuminate\Foundation\Vite->asset('resources/image...')
#2 C:\laragon\www\2earn\resources\views\errors\404.blade.php(19): Illuminate\Support\Facades\Facade::__callStatic('asset', Array)
#3 C:\laragon\www\2earn\vendor\laravel\framework\src\Illuminate\Filesystem\Filesystem.php(123): require('C:\\laragon\\www\\...')
#4 C:\laragon\www\2earn\vendor\laravel\framework\src\Illuminate\Filesystem\Filesystem.php(124): Illuminate\Filesystem\Filesystem::Illuminate\Filesystem\{closure}()
#5 C:\laragon\www\2earn\vendor\laravel\framework\src\Illuminate\View\Engines\PhpEngine.php(57): Illuminate\Filesystem\Filesystem->getRequire('C:\\laragon\\www\\...', Array)
#6 C:\laragon\www\2earn\vendor\livewire\livewire\src\Mechanisms\ExtendBlade\ExtendedCompilerEngine.php(22): Illuminate\View\Engines\PhpEngine->evaluatePath('C:\\laragon\\www\\...', Array)
#7 C:\laragon\www\2earn\vendor\laravel\framework\src\Illuminate\View\Engines\CompilerEngine.php(76): Livewire\Mechanisms\ExtendBlade\ExtendedCompilerEngine->evaluatePath('C:\\laragon\\www\\...', Array)
#8 C:\laragon\www\2earn\vendor\livewire\livewire\src\Mechanisms\ExtendBlade\ExtendedCompilerEngine.php(10): Illuminate\View\Engines\CompilerEngine->get('C:\\laragon\\www\\...', Array)
#9 C:\laragon\www\2earn\vendor\laravel\framework\src\Illuminate\View\View.php(208): Livewire\Mechanisms\ExtendBlade\ExtendedCompilerEngine->get('C:\\laragon\\www\\...', Array)
#10 C:\laragon\www\2earn\vendor\laravel\framework\src\Illuminate\View\View.php(191): Illuminate\View\View->getContents()
#11 C:\laragon\www\2earn\vendor\laravel\framework\src\Illuminate\View\View.php(160): Illuminate\View\View->renderContents()
#12 C:\laragon\www\2earn\vendor\laravel\framework\src\Illuminate\Http\Response.php(78): Illuminate\View\View->render()
#13 C:\laragon\www\2earn\vendor\laravel\framework\src\Illuminate\Http\Response.php(34): Illuminate\Http\Response->setContent(Object(Illuminate\View\View))
#14 C:\laragon\www\2earn\vendor\laravel\framework\src\Illuminate\Routing\ResponseFactory.php(61): Illuminate\Http\Response->__construct(Object(Illuminate\View\View), 404, Array)
#15 C:\laragon\www\2earn\vendor\laravel\framework\src\Illuminate\Routing\ResponseFactory.php(91): Illuminate\Routing\ResponseFactory->make(Object(Illuminate\View\View), 404, Array)
#16 C:\laragon\www\2earn\app\Exceptions\Handler.php(45): Illuminate\Routing\ResponseFactory->view('errors.404', Array, 404)
#17 C:\laragon\www\2earn\vendor\laravel\framework\src\Illuminate\Routing\Pipeline.php(51): App\Exceptions\Handler->render(Object(Illuminate\Http\Request), Object(Symfony\Component\HttpKernel\Exception\NotFoundHttpException))
#18 C:\laragon\www\2earn\vendor\laravel\framework\src\Illuminate\Pipeline\Pipeline.php(182): Illuminate\Routing\Pipeline->handleException(Object(Illuminate\Http\Request), Object(Symfony\Component\HttpKernel\Exception\NotFoundHttpException))
#19 C:\laragon\www\2earn\vendor\livewire\livewire\src\Features\SupportDisablingBackButtonCache\DisableBackButtonCacheMiddleware.php(19): Illuminate\Pipeline\Pipeline->Illuminate\Pipeline\{closure}(Object(Illuminate\Http\Request))
#20 C:\laragon\www\2earn\vendor\laravel\framework\src\Illuminate\Pipeline\Pipeline.php(219): Livewire\Features\SupportDisablingBackButtonCache\DisableBackButtonCacheMiddleware->handle(Object(Illuminate\Http\Request), Object(Closure))
#21 C:\laragon\www\2earn\vendor\barryvdh\laravel-debugbar\src\Middleware\InjectDebugbar.php(59): Illuminate\Pipeline\Pipeline->Illuminate\Pipeline\{closure}(Object(Illuminate\Http\Request))
#22 C:\laragon\www\2earn\vendor\laravel\framework\src\Illuminate\Pipeline\Pipeline.php(219): Barryvdh\Debugbar\Middleware\InjectDebugbar->handle(Object(Illuminate\Http\Request), Object(Closure))
#23 C:\laragon\www\2earn\vendor\laravel\framework\src\Illuminate\Foundation\Http\Middleware\TransformsRequest.php(21): Illuminate\Pipeline\Pipeline->Illuminate\Pipeline\{closure}(Object(Illuminate\Http\Request))
#24 C:\laragon\www\2earn\vendor\laravel\framework\src\Illuminate\Foundation\Http\Middleware\ConvertEmptyStringsToNull.php(31): Illuminate\Foundation\Http\Middleware\TransformsRequest->handle(Object(Illuminate\Http\Request), Object(Closure))
#25 C:\laragon\www\2earn\vendor\laravel\framework\src\Illuminate\Pipeline\Pipeline.php(219): Illuminate\Foundation\Http\Middleware\ConvertEmptyStringsToNull->handle(Object(Illuminate\Http\Request), Object(Closure))
#26 C:\laragon\www\2earn\vendor\laravel\framework\src\Illuminate\Foundation\Http\Middleware\TransformsRequest.php(21): Illuminate\Pipeline\Pipeline->Illuminate\Pipeline\{closure}(Object(Illuminate\Http\Request))
#27 C:\laragon\www\2earn\vendor\laravel\framework\src\Illuminate\Foundation\Http\Middleware\TrimStrings.php(51): Illuminate\Foundation\Http\Middleware\TransformsRequest->handle(Object(Illuminate\Http\Request), Object(Closure))
#28 C:\laragon\www\2earn\vendor\laravel\framework\src\Illuminate\Pipeline\Pipeline.php(219): Illuminate\Foundation\Http\Middleware\TrimStrings->handle(Object(Illuminate\Http\Request), Object(Closure))
#29 C:\laragon\www\2earn\vendor\laravel\framework\src\Illuminate\Http\Middleware\ValidatePostSize.php(27): Illuminate\Pipeline\Pipeline->Illuminate\Pipeline\{closure}(Object(Illuminate\Http\Request))
#30 C:\laragon\www\2earn\vendor\laravel\framework\src\Illuminate\Pipeline\Pipeline.php(219): Illuminate\Http\Middleware\ValidatePostSize->handle(Object(Illuminate\Http\Request), Object(Closure))
#31 C:\laragon\www\2earn\vendor\laravel\framework\src\Illuminate\Foundation\Http\Middleware\PreventRequestsDuringMaintenance.php(109): Illuminate\Pipeline\Pipeline->Illuminate\Pipeline\{closure}(Object(Illuminate\Http\Request))
#32 C:\laragon\www\2earn\vendor\laravel\framework\src\Illuminate\Pipeline\Pipeline.php(219): Illuminate\Foundation\Http\Middleware\PreventRequestsDuringMaintenance->handle(Object(Illuminate\Http\Request), Object(Closure))
#33 C:\laragon\www\2earn\vendor\laravel\framework\src\Illuminate\Http\Middleware\TrustProxies.php(58): Illuminate\Pipeline\Pipeline->Illuminate\Pipeline\{closure}(Object(Illuminate\Http\Request))
#34 C:\laragon\www\2earn\vendor\laravel\framework\src\Illuminate\Pipeline\Pipeline.php(219): Illuminate\Http\Middleware\TrustProxies->handle(Object(Illuminate\Http\Request), Object(Closure))
#35 C:\laragon\www\2earn\vendor\laravel\framework\src\Illuminate\Pipeline\Pipeline.php(137): Illuminate\Pipeline\Pipeline->Illuminate\Pipeline\{closure}(Object(Illuminate\Http\Request))
#36 C:\laragon\www\2earn\vendor\laravel\framework\src\Illuminate\Foundation\Http\Kernel.php(175): Illuminate\Pipeline\Pipeline->then(Object(Closure))
#37 C:\laragon\www\2earn\vendor\laravel\framework\src\Illuminate\Foundation\Http\Kernel.php(144): Illuminate\Foundation\Http\Kernel->sendRequestThroughRouter(Object(Illuminate\Http\Request))
#38 C:\laragon\www\2earn\vendor\laravel\framework\src\Illuminate\Foundation\Testing\Concerns\MakesHttpRequests.php(607): Illuminate\Foundation\Http\Kernel->handle(Object(Illuminate\Http\Request))
#39 C:\laragon\www\2earn\vendor\laravel\framework\src\Illuminate\Foundation\Testing\Concerns\MakesHttpRequests.php(368): Illuminate\Foundation\Testing\TestCase->call('GET', '/lang/fr', Array, Array, Array, Array)
#40 C:\laragon\www\2earn\tests\Feature\Controllers\HomeControllerTest.php(41): Illuminate\Foundation\Testing\TestCase->get('/lang/fr')
#41 C:\laragon\www\2earn\vendor\phpunit\phpunit\src\Framework\TestCase.php(1656): Tests\Feature\Controllers\HomeControllerTest->test_lang_changes_session_locale()
#42 C:\laragon\www\2earn\vendor\phpunit\phpunit\src\Framework\TestCase.php(514): PHPUnit\Framework\TestCase->runTest()
#43 C:\laragon\www\2earn\vendor\phpunit\phpunit\src\Framework\TestRunner\TestRunner.php(87): PHPUnit\Framework\TestCase->runBare()
#44 C:\laragon\www\2earn\vendor\phpunit\phpunit\src\Framework\TestCase.php(361): PHPUnit\Framework\TestRunner->run(Object(Tests\Feature\Controllers\HomeControllerTest))
#45 C:\laragon\www\2earn\vendor\phpunit\phpunit\src\Framework\TestSuite.php(369): PHPUnit\Framework\TestCase->run()
#46 C:\laragon\www\2earn\vendor\phpunit\phpunit\src\Framework\TestSuite.php(369): PHPUnit\Framework\TestSuite->run()
#47 C:\laragon\www\2earn\vendor\phpunit\phpunit\src\TextUI\TestRunner.php(64): PHPUnit\Framework\TestSuite->run()
#48 C:\laragon\www\2earn\vendor\phpunit\phpunit\src\TextUI\Application.php(211): PHPUnit\TextUI\TestRunner->run(Object(PHPUnit\TextUI\Configuration\Configuration), Object(PHPUnit\Runner\ResultCache\DefaultResultCache), Object(PHPUnit\Framework\TestSuite))
#49 C:\laragon\www\2earn\vendor\phpunit\phpunit\phpunit(104): PHPUnit\TextUI\Application->run(Array)
#50 {main}

----------------------------------------------------------------------------------

Vite manifest not found at: C:\laragon\www\2earn\public\build/manifest.json

  at tests\Feature\Controllers\HomeControllerTest.php:43
     39Γûò     public function test_lang_changes_session_locale()
     40Γûò     {
     41Γûò         $response = $this->get('/lang/fr');
     42Γûò 
  Γ₧£  43Γûò         $response->assertRedirect();
     44Γûò         $this->assertEquals('fr', session('lang'));
     45Γûò     }
     46Γûò 
     47Γûò     #[Test]

  ΓöÇΓöÇΓöÇΓöÇΓöÇΓöÇΓöÇΓöÇΓöÇΓöÇΓöÇΓöÇΓöÇΓöÇΓöÇΓöÇΓöÇΓöÇΓöÇΓöÇΓöÇΓöÇΓöÇΓöÇΓöÇΓöÇΓöÇΓöÇΓöÇΓöÇΓöÇΓöÇΓöÇΓöÇΓöÇΓöÇΓöÇΓöÇΓöÇΓöÇΓöÇΓöÇΓöÇΓöÇΓöÇΓöÇΓöÇΓöÇΓöÇΓöÇΓöÇΓöÇΓöÇΓöÇΓöÇΓöÇΓöÇΓöÇΓöÇΓöÇΓöÇΓöÇΓöÇΓöÇΓöÇΓöÇΓöÇΓöÇΓöÇΓöÇΓöÇΓöÇΓöÇΓöÇΓöÇΓöÇΓöÇΓöÇΓöÇΓöÇΓöÇΓöÇΓöÇΓöÇΓöÇΓöÇΓöÇΓöÇΓöÇΓöÇΓöÇΓöÇΓöÇΓöÇΓöÇΓöÇΓöÇΓöÇΓöÇΓöÇΓöÇΓöÇΓöÇΓöÇΓöÇΓöÇΓöÇΓöÇΓöÇΓöÇΓöÇΓöÇΓöÇΓöÇΓöÇΓöÇΓöÇΓöÇΓöÇΓöÇΓöÇΓöÇΓöÇΓöÇΓöÇΓöÇΓöÇΓöÇΓöÇΓöÇΓöÇΓöÇΓöÇΓöÇΓöÇΓöÇΓöÇΓöÇΓöÇΓöÇΓöÇΓöÇΓöÇΓöÇΓöÇΓöÇΓöÇΓöÇΓöÇΓöÇΓöÇΓöÇΓöÇΓöÇΓöÇΓöÇΓöÇΓöÇΓöÇΓöÇΓöÇΓöÇΓöÇΓöÇΓöÇΓöÇΓöÇΓöÇΓöÇΓöÇΓöÇΓöÇΓöÇΓöÇΓöÇΓöÇΓöÇΓöÇΓöÇΓöÇΓöÇΓöÇΓöÇΓöÇΓöÇΓöÇΓöÇΓöÇΓöÇΓöÇΓöÇΓöÇΓöÇΓöÇΓöÇΓöÇΓöÇΓöÇΓöÇΓöÇΓöÇΓöÇΓöÇΓöÇΓöÇΓöÇΓöÇΓöÇΓöÇΓöÇΓöÇΓöÇΓöÇΓöÇΓöÇΓöÇΓöÇΓöÇΓöÇΓöÇΓöÇΓöÇΓöÇΓöÇ  
   FAILED  Tests\Feature\Controllers\HomeControllerTest > update profile validates required fields                                                                                                                                  
  Failed asserting that false is true.

  at tests\Feature\Controllers\HomeControllerTest.php:56
     52Γûò             'email' => ''
     53Γûò         ]);
     54Γûò 
     55Γûò         // Should redirect back with errors or show validation error
  Γ₧£  56Γûò         $this->assertTrue(in_array($response->status(), [302, 422]));
     57Γûò     }
     58Γûò 
     59Γûò     #[Test]
     60Γûò     public function test_update_profile_with_valid_data()

  1   tests\Feature\Controllers\HomeControllerTest.php:56

  ΓöÇΓöÇΓöÇΓöÇΓöÇΓöÇΓöÇΓöÇΓöÇΓöÇΓöÇΓöÇΓöÇΓöÇΓöÇΓöÇΓöÇΓöÇΓöÇΓöÇΓöÇΓöÇΓöÇΓöÇΓöÇΓöÇΓöÇΓöÇΓöÇΓöÇΓöÇΓöÇΓöÇΓöÇΓöÇΓöÇΓöÇΓöÇΓöÇΓöÇΓöÇΓöÇΓöÇΓöÇΓöÇΓöÇΓöÇΓöÇΓöÇΓöÇΓöÇΓöÇΓöÇΓöÇΓöÇΓöÇΓöÇΓöÇΓöÇΓöÇΓöÇΓöÇΓöÇΓöÇΓöÇΓöÇΓöÇΓöÇΓöÇΓöÇΓöÇΓöÇΓöÇΓöÇΓöÇΓöÇΓöÇΓöÇΓöÇΓöÇΓöÇΓöÇΓöÇΓöÇΓöÇΓöÇΓöÇΓöÇΓöÇΓöÇΓöÇΓöÇΓöÇΓöÇΓöÇΓöÇΓöÇΓöÇΓöÇΓöÇΓöÇΓöÇΓöÇΓöÇΓöÇΓöÇΓöÇΓöÇΓöÇΓöÇΓöÇΓöÇΓöÇΓöÇΓöÇΓöÇΓöÇΓöÇΓöÇΓöÇΓöÇΓöÇΓöÇΓöÇΓöÇΓöÇΓöÇΓöÇΓöÇΓöÇΓöÇΓöÇΓöÇΓöÇΓöÇΓöÇΓöÇΓöÇΓöÇΓöÇΓöÇΓöÇΓöÇΓöÇΓöÇΓöÇΓöÇΓöÇΓöÇΓöÇΓöÇΓöÇΓöÇΓöÇΓöÇΓöÇΓöÇΓöÇΓöÇΓöÇΓöÇΓöÇΓöÇΓöÇΓöÇΓöÇΓöÇΓöÇΓöÇΓöÇΓöÇΓöÇΓöÇΓöÇΓöÇΓöÇΓöÇΓöÇΓöÇΓöÇΓöÇΓöÇΓöÇΓöÇΓöÇΓöÇΓöÇΓöÇΓöÇΓöÇΓöÇΓöÇΓöÇΓöÇΓöÇΓöÇΓöÇΓöÇΓöÇΓöÇΓöÇΓöÇΓöÇΓöÇΓöÇΓöÇΓöÇΓöÇΓöÇΓöÇΓöÇΓöÇΓöÇΓöÇΓöÇΓöÇΓöÇΓöÇΓöÇΓöÇΓöÇΓöÇΓöÇΓöÇ  
   FAILED  Tests\Feature\Controllers\HomeControllerTest > update profile with valid data                                                                                                                                            
  Failed asserting that false is true.

  at tests\Feature\Controllers\HomeControllerTest.php:67
     63Γûò             'name' => 'Updated Name',
     64Γûò             'email' => 'newemail@example.com'
     65Γûò         ]);
     66Γûò 
  Γ₧£  67Γûò         $this->assertTrue(in_array($response->status(), [200, 302]));
     68Γûò     }
     69Γûò 
     70Γûò     #[Test]
     71Γûò     public function test_update_password_requires_current_password()

  1   tests\Feature\Controllers\HomeControllerTest.php:67

  ΓöÇΓöÇΓöÇΓöÇΓöÇΓöÇΓöÇΓöÇΓöÇΓöÇΓöÇΓöÇΓöÇΓöÇΓöÇΓöÇΓöÇΓöÇΓöÇΓöÇΓöÇΓöÇΓöÇΓöÇΓöÇΓöÇΓöÇΓöÇΓöÇΓöÇΓöÇΓöÇΓöÇΓöÇΓöÇΓöÇΓöÇΓöÇΓöÇΓöÇΓöÇΓöÇΓöÇΓöÇΓöÇΓöÇΓöÇΓöÇΓöÇΓöÇΓöÇΓöÇΓöÇΓöÇΓöÇΓöÇΓöÇΓöÇΓöÇΓöÇΓöÇΓöÇΓöÇΓöÇΓöÇΓöÇΓöÇΓöÇΓöÇΓöÇΓöÇΓöÇΓöÇΓöÇΓöÇΓöÇΓöÇΓöÇΓöÇΓöÇΓöÇΓöÇΓöÇΓöÇΓöÇΓöÇΓöÇΓöÇΓöÇΓöÇΓöÇΓöÇΓöÇΓöÇΓöÇΓöÇΓöÇΓöÇΓöÇΓöÇΓöÇΓöÇΓöÇΓöÇΓöÇΓöÇΓöÇΓöÇΓöÇΓöÇΓöÇΓöÇΓöÇΓöÇΓöÇΓöÇΓöÇΓöÇΓöÇΓöÇΓöÇΓöÇΓöÇΓöÇΓöÇΓöÇΓöÇΓöÇΓöÇΓöÇΓöÇΓöÇΓöÇΓöÇΓöÇΓöÇΓöÇΓöÇΓöÇΓöÇΓöÇΓöÇΓöÇΓöÇΓöÇΓöÇΓöÇΓöÇΓöÇΓöÇΓöÇΓöÇΓöÇΓöÇΓöÇΓöÇΓöÇΓöÇΓöÇΓöÇΓöÇΓöÇΓöÇΓöÇΓöÇΓöÇΓöÇΓöÇΓöÇΓöÇΓöÇΓöÇΓöÇΓöÇΓöÇΓöÇΓöÇΓöÇΓöÇΓöÇΓöÇΓöÇΓöÇΓöÇΓöÇΓöÇΓöÇΓöÇΓöÇΓöÇΓöÇΓöÇΓöÇΓöÇΓöÇΓöÇΓöÇΓöÇΓöÇΓöÇΓöÇΓöÇΓöÇΓöÇΓöÇΓöÇΓöÇΓöÇΓöÇΓöÇΓöÇΓöÇΓöÇΓöÇΓöÇΓöÇΓöÇΓöÇΓöÇΓöÇΓöÇΓöÇΓöÇΓöÇ  
   FAILED  Tests\Feature\Controllers\HomeControllerTest > update password requires current password                                                                                                                                 
  Failed asserting that false is true.

  at tests\Feature\Controllers\HomeControllerTest.php:79
     75Γûò             'password' => 'newpassword',
     76Γûò             'password_confirmation' => 'newpassword'
     77Γûò         ]);
     78Γûò 
  Γ₧£  79Γûò         $this->assertTrue(in_array($response->status(), [302, 422]));
     80Γûò     }
     81Γûò 
     82Γûò     #[Test]
     83Γûò     public function test_update_password_requires_confirmation()

  1   tests\Feature\Controllers\HomeControllerTest.php:79

  ΓöÇΓöÇΓöÇΓöÇΓöÇΓöÇΓöÇΓöÇΓöÇΓöÇΓöÇΓöÇΓöÇΓöÇΓöÇΓöÇΓöÇΓöÇΓöÇΓöÇΓöÇΓöÇΓöÇΓöÇΓöÇΓöÇΓöÇΓöÇΓöÇΓöÇΓöÇΓöÇΓöÇΓöÇΓöÇΓöÇΓöÇΓöÇΓöÇΓöÇΓöÇΓöÇΓöÇΓöÇΓöÇΓöÇΓöÇΓöÇΓöÇΓöÇΓöÇΓöÇΓöÇΓöÇΓöÇΓöÇΓöÇΓöÇΓöÇΓöÇΓöÇΓöÇΓöÇΓöÇΓöÇΓöÇΓöÇΓöÇΓöÇΓöÇΓöÇΓöÇΓöÇΓöÇΓöÇΓöÇΓöÇΓöÇΓöÇΓöÇΓöÇΓöÇΓöÇΓöÇΓöÇΓöÇΓöÇΓöÇΓöÇΓöÇΓöÇΓöÇΓöÇΓöÇΓöÇΓöÇΓöÇΓöÇΓöÇΓöÇΓöÇΓöÇΓöÇΓöÇΓöÇΓöÇΓöÇΓöÇΓöÇΓöÇΓöÇΓöÇΓöÇΓöÇΓöÇΓöÇΓöÇΓöÇΓöÇΓöÇΓöÇΓöÇΓöÇΓöÇΓöÇΓöÇΓöÇΓöÇΓöÇΓöÇΓöÇΓöÇΓöÇΓöÇΓöÇΓöÇΓöÇΓöÇΓöÇΓöÇΓöÇΓöÇΓöÇΓöÇΓöÇΓöÇΓöÇΓöÇΓöÇΓöÇΓöÇΓöÇΓöÇΓöÇΓöÇΓöÇΓöÇΓöÇΓöÇΓöÇΓöÇΓöÇΓöÇΓöÇΓöÇΓöÇΓöÇΓöÇΓöÇΓöÇΓöÇΓöÇΓöÇΓöÇΓöÇΓöÇΓöÇΓöÇΓöÇΓöÇΓöÇΓöÇΓöÇΓöÇΓöÇΓöÇΓöÇΓöÇΓöÇΓöÇΓöÇΓöÇΓöÇΓöÇΓöÇΓöÇΓöÇΓöÇΓöÇΓöÇΓöÇΓöÇΓöÇΓöÇΓöÇΓöÇΓöÇΓöÇΓöÇΓöÇΓöÇΓöÇΓöÇΓöÇΓöÇΓöÇΓöÇΓöÇΓöÇΓöÇΓöÇΓöÇΓöÇΓöÇ  
   FAILED  Tests\Feature\Controllers\HomeControllerTest > update password requires confirmation                                                                                                                                     
  Failed asserting that false is true.

  at tests\Feature\Controllers\HomeControllerTest.php:91
     87Γûò             'password' => 'newpassword',
     88Γûò             'password_confirmation' => 'different'
     89Γûò         ]);
     90Γûò 
  Γ₧£  91Γûò         $this->assertTrue(in_array($response->status(), [200, 302, 422]));
     92Γûò     }
     93Γûò }
     94Γûò

  1   tests\Feature\Controllers\HomeControllerTest.php:91

  ΓöÇΓöÇΓöÇΓöÇΓöÇΓöÇΓöÇΓöÇΓöÇΓöÇΓöÇΓöÇΓöÇΓöÇΓöÇΓöÇΓöÇΓöÇΓöÇΓöÇΓöÇΓöÇΓöÇΓöÇΓöÇΓöÇΓöÇΓöÇΓöÇΓöÇΓöÇΓöÇΓöÇΓöÇΓöÇΓöÇΓöÇΓöÇΓöÇΓöÇΓöÇΓöÇΓöÇΓöÇΓöÇΓöÇΓöÇΓöÇΓöÇΓöÇΓöÇΓöÇΓöÇΓöÇΓöÇΓöÇΓöÇΓöÇΓöÇΓöÇΓöÇΓöÇΓöÇΓöÇΓöÇΓöÇΓöÇΓöÇΓöÇΓöÇΓöÇΓöÇΓöÇΓöÇΓöÇΓöÇΓöÇΓöÇΓöÇΓöÇΓöÇΓöÇΓöÇΓöÇΓöÇΓöÇΓöÇΓöÇΓöÇΓöÇΓöÇΓöÇΓöÇΓöÇΓöÇΓöÇΓöÇΓöÇΓöÇΓöÇΓöÇΓöÇΓöÇΓöÇΓöÇΓöÇΓöÇΓöÇΓöÇΓöÇΓöÇΓöÇΓöÇΓöÇΓöÇΓöÇΓöÇΓöÇΓöÇΓöÇΓöÇΓöÇΓöÇΓöÇΓöÇΓöÇΓöÇΓöÇΓöÇΓöÇΓöÇΓöÇΓöÇΓöÇΓöÇΓöÇΓöÇΓöÇΓöÇΓöÇΓöÇΓöÇΓöÇΓöÇΓöÇΓöÇΓöÇΓöÇΓöÇΓöÇΓöÇΓöÇΓöÇΓöÇΓöÇΓöÇΓöÇΓöÇΓöÇΓöÇΓöÇΓöÇΓöÇΓöÇΓöÇΓöÇΓöÇΓöÇΓöÇΓöÇΓöÇΓöÇΓöÇΓöÇΓöÇΓöÇΓöÇΓöÇΓöÇΓöÇΓöÇΓöÇΓöÇΓöÇΓöÇΓöÇΓöÇΓöÇΓöÇΓöÇΓöÇΓöÇΓöÇΓöÇΓöÇΓöÇΓöÇΓöÇΓöÇΓöÇΓöÇΓöÇΓöÇΓöÇΓöÇΓöÇΓöÇΓöÇΓöÇΓöÇΓöÇΓöÇΓöÇΓöÇΓöÇΓöÇΓöÇΓöÇΓöÇΓöÇΓöÇΓöÇΓöÇΓöÇ  
   FAILED  Tests\Feature\Controllers\PlatformControllerTest > index returns datatables                                                                                                                                              
  Expected response status code [200] but received 500.
Failed asserting that 500 is identical to 200.

The following exception occurred during the last request:

Illuminate\Foundation\ViteManifestNotFoundException: Vite manifest not found at: C:\laragon\www\2earn\public\build/manifest.json in C:\laragon\www\2earn\vendor\laravel\framework\src\Illuminate\Foundation\Vite.php:935
Stack trace:
#0 C:\laragon\www\2earn\vendor\laravel\framework\src\Illuminate\Foundation\Vite.php(880): Illuminate\Foundation\Vite->manifest('build')
#1 C:\laragon\www\2earn\vendor\laravel\framework\src\Illuminate\Support\Facades\Facade.php(361): Illuminate\Foundation\Vite->asset('resources/image...')
#2 C:\laragon\www\2earn\storage\framework\views\72def6d5f8e8cc5b0bf44ebe712c420d.php(19): Illuminate\Support\Facades\Facade::__callStatic('asset', Array)
#3 C:\laragon\www\2earn\vendor\laravel\framework\src\Illuminate\Filesystem\Filesystem.php(123): require('C:\\laragon\\www\\...')
#4 C:\laragon\www\2earn\vendor\laravel\framework\src\Illuminate\Filesystem\Filesystem.php(124): Illuminate\Filesystem\Filesystem::Illuminate\Filesystem\{closure}()
#5 C:\laragon\www\2earn\vendor\laravel\framework\src\Illuminate\View\Engines\PhpEngine.php(57): Illuminate\Filesystem\Filesystem->getRequire('C:\\laragon\\www\\...', Array)
#6 C:\laragon\www\2earn\vendor\livewire\livewire\src\Mechanisms\ExtendBlade\ExtendedCompilerEngine.php(22): Illuminate\View\Engines\PhpEngine->evaluatePath('C:\\laragon\\www\\...', Array)
#7 C:\laragon\www\2earn\vendor\laravel\framework\src\Illuminate\View\Engines\CompilerEngine.php(76): Livewire\Mechanisms\ExtendBlade\ExtendedCompilerEngine->evaluatePath('C:\\laragon\\www\\...', Array)
#8 C:\laragon\www\2earn\vendor\livewire\livewire\src\Mechanisms\ExtendBlade\ExtendedCompilerEngine.php(10): Illuminate\View\Engines\CompilerEngine->get('C:\\laragon\\www\\...', Array)
#9 C:\laragon\www\2earn\vendor\laravel\framework\src\Illuminate\View\View.php(208): Livewire\Mechanisms\ExtendBlade\ExtendedCompilerEngine->get('C:\\laragon\\www\\...', Array)
#10 C:\laragon\www\2earn\vendor\laravel\framework\src\Illuminate\View\View.php(191): Illuminate\View\View->getContents()
#11 C:\laragon\www\2earn\vendor\laravel\framework\src\Illuminate\View\View.php(160): Illuminate\View\View->renderContents()
#12 C:\laragon\www\2earn\vendor\laravel\framework\src\Illuminate\Http\Response.php(78): Illuminate\View\View->render()
#13 C:\laragon\www\2earn\vendor\laravel\framework\src\Illuminate\Http\Response.php(34): Illuminate\Http\Response->setContent(Object(Illuminate\View\View))
#14 C:\laragon\www\2earn\vendor\laravel\framework\src\Illuminate\Routing\ResponseFactory.php(61): Illuminate\Http\Response->__construct(Object(Illuminate\View\View), 404, Array)
#15 C:\laragon\www\2earn\vendor\laravel\framework\src\Illuminate\Routing\ResponseFactory.php(91): Illuminate\Routing\ResponseFactory->make(Object(Illuminate\View\View), 404, Array)
#16 C:\laragon\www\2earn\app\Exceptions\Handler.php(45): Illuminate\Routing\ResponseFactory->view('errors.404', Array, 404)
#17 C:\laragon\www\2earn\vendor\laravel\framework\src\Illuminate\Routing\Pipeline.php(51): App\Exceptions\Handler->render(Object(Illuminate\Http\Request), Object(Symfony\Component\HttpKernel\Exception\NotFoundHttpException))
#18 C:\laragon\www\2earn\vendor\laravel\framework\src\Illuminate\Pipeline\Pipeline.php(182): Illuminate\Routing\Pipeline->handleException(Object(Illuminate\Http\Request), Object(Symfony\Component\HttpKernel\Exception\NotFoundHttpException))
#19 C:\laragon\www\2earn\vendor\livewire\livewire\src\Features\SupportDisablingBackButtonCache\DisableBackButtonCacheMiddleware.php(19): Illuminate\Pipeline\Pipeline->Illuminate\Pipeline\{closure}(Object(Illuminate\Http\Request))
#20 C:\laragon\www\2earn\vendor\laravel\framework\src\Illuminate\Pipeline\Pipeline.php(219): Livewire\Features\SupportDisablingBackButtonCache\DisableBackButtonCacheMiddleware->handle(Object(Illuminate\Http\Request), Object(Closure))
#21 C:\laragon\www\2earn\vendor\barryvdh\laravel-debugbar\src\Middleware\InjectDebugbar.php(59): Illuminate\Pipeline\Pipeline->Illuminate\Pipeline\{closure}(Object(Illuminate\Http\Request))
#22 C:\laragon\www\2earn\vendor\laravel\framework\src\Illuminate\Pipeline\Pipeline.php(219): Barryvdh\Debugbar\Middleware\InjectDebugbar->handle(Object(Illuminate\Http\Request), Object(Closure))
#23 C:\laragon\www\2earn\vendor\laravel\framework\src\Illuminate\Foundation\Http\Middleware\TransformsRequest.php(21): Illuminate\Pipeline\Pipeline->Illuminate\Pipeline\{closure}(Object(Illuminate\Http\Request))
#24 C:\laragon\www\2earn\vendor\laravel\framework\src\Illuminate\Foundation\Http\Middleware\ConvertEmptyStringsToNull.php(31): Illuminate\Foundation\Http\Middleware\TransformsRequest->handle(Object(Illuminate\Http\Request), Object(Closure))
#25 C:\laragon\www\2earn\vendor\laravel\framework\src\Illuminate\Pipeline\Pipeline.php(219): Illuminate\Foundation\Http\Middleware\ConvertEmptyStringsToNull->handle(Object(Illuminate\Http\Request), Object(Closure))
#26 C:\laragon\www\2earn\vendor\laravel\framework\src\Illuminate\Foundation\Http\Middleware\TransformsRequest.php(21): Illuminate\Pipeline\Pipeline->Illuminate\Pipeline\{closure}(Object(Illuminate\Http\Request))
#27 C:\laragon\www\2earn\vendor\laravel\framework\src\Illuminate\Foundation\Http\Middleware\TrimStrings.php(51): Illuminate\Foundation\Http\Middleware\TransformsRequest->handle(Object(Illuminate\Http\Request), Object(Closure))
#28 C:\laragon\www\2earn\vendor\laravel\framework\src\Illuminate\Pipeline\Pipeline.php(219): Illuminate\Foundation\Http\Middleware\TrimStrings->handle(Object(Illuminate\Http\Request), Object(Closure))
#29 C:\laragon\www\2earn\vendor\laravel\framework\src\Illuminate\Http\Middleware\ValidatePostSize.php(27): Illuminate\Pipeline\Pipeline->Illuminate\Pipeline\{closure}(Object(Illuminate\Http\Request))
#30 C:\laragon\www\2earn\vendor\laravel\framework\src\Illuminate\Pipeline\Pipeline.php(219): Illuminate\Http\Middleware\ValidatePostSize->handle(Object(Illuminate\Http\Request), Object(Closure))
#31 C:\laragon\www\2earn\vendor\laravel\framework\src\Illuminate\Foundation\Http\Middleware\PreventRequestsDuringMaintenance.php(109): Illuminate\Pipeline\Pipeline->Illuminate\Pipeline\{closure}(Object(Illuminate\Http\Request))
#32 C:\laragon\www\2earn\vendor\laravel\framework\src\Illuminate\Pipeline\Pipeline.php(219): Illuminate\Foundation\Http\Middleware\PreventRequestsDuringMaintenance->handle(Object(Illuminate\Http\Request), Object(Closure))
#33 C:\laragon\www\2earn\vendor\laravel\framework\src\Illuminate\Http\Middleware\TrustProxies.php(58): Illuminate\Pipeline\Pipeline->Illuminate\Pipeline\{closure}(Object(Illuminate\Http\Request))
#34 C:\laragon\www\2earn\vendor\laravel\framework\src\Illuminate\Pipeline\Pipeline.php(219): Illuminate\Http\Middleware\TrustProxies->handle(Object(Illuminate\Http\Request), Object(Closure))
#35 C:\laragon\www\2earn\vendor\laravel\framework\src\Illuminate\Pipeline\Pipeline.php(137): Illuminate\Pipeline\Pipeline->Illuminate\Pipeline\{closure}(Object(Illuminate\Http\Request))
#36 C:\laragon\www\2earn\vendor\laravel\framework\src\Illuminate\Foundation\Http\Kernel.php(175): Illuminate\Pipeline\Pipeline->then(Object(Closure))
#37 C:\laragon\www\2earn\vendor\laravel\framework\src\Illuminate\Foundation\Http\Kernel.php(144): Illuminate\Foundation\Http\Kernel->sendRequestThroughRouter(Object(Illuminate\Http\Request))
#38 C:\laragon\www\2earn\vendor\laravel\framework\src\Illuminate\Foundation\Testing\Concerns\MakesHttpRequests.php(607): Illuminate\Foundation\Http\Kernel->handle(Object(Illuminate\Http\Request))
#39 C:\laragon\www\2earn\vendor\laravel\framework\src\Illuminate\Foundation\Testing\Concerns\MakesHttpRequests.php(573): Illuminate\Foundation\Testing\TestCase->call('GET', '/api/platforms/...', Array, Array, Array, Array, '[]')
#40 C:\laragon\www\2earn\vendor\laravel\framework\src\Illuminate\Foundation\Testing\Concerns\MakesHttpRequests.php(381): Illuminate\Foundation\Testing\TestCase->json('GET', '/api/platforms/...', Array, Array, 0)
#41 C:\laragon\www\2earn\tests\Feature\Controllers\PlatformControllerTest.php(38): Illuminate\Foundation\Testing\TestCase->getJson('/api/platforms/...')
#42 C:\laragon\www\2earn\vendor\phpunit\phpunit\src\Framework\TestCase.php(1656): Tests\Feature\Controllers\PlatformControllerTest->test_index_returns_datatables()
#43 C:\laragon\www\2earn\vendor\phpunit\phpunit\src\Framework\TestCase.php(514): PHPUnit\Framework\TestCase->runTest()
#44 C:\laragon\www\2earn\vendor\phpunit\phpunit\src\Framework\TestRunner\TestRunner.php(87): PHPUnit\Framework\TestCase->runBare()
#45 C:\laragon\www\2earn\vendor\phpunit\phpunit\src\Framework\TestCase.php(361): PHPUnit\Framework\TestRunner->run(Object(Tests\Feature\Controllers\PlatformControllerTest))
#46 C:\laragon\www\2earn\vendor\phpunit\phpunit\src\Framework\TestSuite.php(369): PHPUnit\Framework\TestCase->run()
#47 C:\laragon\www\2earn\vendor\phpunit\phpunit\src\Framework\TestSuite.php(369): PHPUnit\Framework\TestSuite->run()
#48 C:\laragon\www\2earn\vendor\phpunit\phpunit\src\TextUI\TestRunner.php(64): PHPUnit\Framework\TestSuite->run()
#49 C:\laragon\www\2earn\vendor\phpunit\phpunit\src\TextUI\Application.php(211): PHPUnit\TextUI\TestRunner->run(Object(PHPUnit\TextUI\Configuration\Configuration), Object(PHPUnit\Runner\ResultCache\DefaultResultCache), Object(PHPUnit\Framework\TestSuite))
#50 C:\laragon\www\2earn\vendor\phpunit\phpunit\phpunit(104): PHPUnit\TextUI\Application->run(Array)
#51 {main}

Next Spatie\LaravelIgnition\Exceptions\ViewException: Vite manifest not found at: C:\laragon\www\2earn\public\build/manifest.json in C:\laragon\www\2earn\vendor\laravel\framework\src\Illuminate\Foundation\Vite.php:935
Stack trace:
#0 C:\laragon\www\2earn\vendor\laravel\framework\src\Illuminate\Foundation\Vite.php(880): Illuminate\Foundation\Vite->manifest('build')
#1 C:\laragon\www\2earn\vendor\laravel\framework\src\Illuminate\Support\Facades\Facade.php(361): Illuminate\Foundation\Vite->asset('resources/image...')
#2 C:\laragon\www\2earn\resources\views\errors\404.blade.php(19): Illuminate\Support\Facades\Facade::__callStatic('asset', Array)
#3 C:\laragon\www\2earn\vendor\laravel\framework\src\Illuminate\Filesystem\Filesystem.php(123): require('C:\\laragon\\www\\...')
#4 C:\laragon\www\2earn\vendor\laravel\framework\src\Illuminate\Filesystem\Filesystem.php(124): Illuminate\Filesystem\Filesystem::Illuminate\Filesystem\{closure}()
#5 C:\laragon\www\2earn\vendor\laravel\framework\src\Illuminate\View\Engines\PhpEngine.php(57): Illuminate\Filesystem\Filesystem->getRequire('C:\\laragon\\www\\...', Array)
#6 C:\laragon\www\2earn\vendor\livewire\livewire\src\Mechanisms\ExtendBlade\ExtendedCompilerEngine.php(22): Illuminate\View\Engines\PhpEngine->evaluatePath('C:\\laragon\\www\\...', Array)
#7 C:\laragon\www\2earn\vendor\laravel\framework\src\Illuminate\View\Engines\CompilerEngine.php(76): Livewire\Mechanisms\ExtendBlade\ExtendedCompilerEngine->evaluatePath('C:\\laragon\\www\\...', Array)
#8 C:\laragon\www\2earn\vendor\livewire\livewire\src\Mechanisms\ExtendBlade\ExtendedCompilerEngine.php(10): Illuminate\View\Engines\CompilerEngine->get('C:\\laragon\\www\\...', Array)
#9 C:\laragon\www\2earn\vendor\laravel\framework\src\Illuminate\View\View.php(208): Livewire\Mechanisms\ExtendBlade\ExtendedCompilerEngine->get('C:\\laragon\\www\\...', Array)
#10 C:\laragon\www\2earn\vendor\laravel\framework\src\Illuminate\View\View.php(191): Illuminate\View\View->getContents()
#11 C:\laragon\www\2earn\vendor\laravel\framework\src\Illuminate\View\View.php(160): Illuminate\View\View->renderContents()
#12 C:\laragon\www\2earn\vendor\laravel\framework\src\Illuminate\Http\Response.php(78): Illuminate\View\View->render()
#13 C:\laragon\www\2earn\vendor\laravel\framework\src\Illuminate\Http\Response.php(34): Illuminate\Http\Response->setContent(Object(Illuminate\View\View))
#14 C:\laragon\www\2earn\vendor\laravel\framework\src\Illuminate\Routing\ResponseFactory.php(61): Illuminate\Http\Response->__construct(Object(Illuminate\View\View), 404, Array)
#15 C:\laragon\www\2earn\vendor\laravel\framework\src\Illuminate\Routing\ResponseFactory.php(91): Illuminate\Routing\ResponseFactory->make(Object(Illuminate\View\View), 404, Array)
#16 C:\laragon\www\2earn\app\Exceptions\Handler.php(45): Illuminate\Routing\ResponseFactory->view('errors.404', Array, 404)
#17 C:\laragon\www\2earn\vendor\laravel\framework\src\Illuminate\Routing\Pipeline.php(51): App\Exceptions\Handler->render(Object(Illuminate\Http\Request), Object(Symfony\Component\HttpKernel\Exception\NotFoundHttpException))
#18 C:\laragon\www\2earn\vendor\laravel\framework\src\Illuminate\Pipeline\Pipeline.php(182): Illuminate\Routing\Pipeline->handleException(Object(Illuminate\Http\Request), Object(Symfony\Component\HttpKernel\Exception\NotFoundHttpException))
#19 C:\laragon\www\2earn\vendor\livewire\livewire\src\Features\SupportDisablingBackButtonCache\DisableBackButtonCacheMiddleware.php(19): Illuminate\Pipeline\Pipeline->Illuminate\Pipeline\{closure}(Object(Illuminate\Http\Request))
#20 C:\laragon\www\2earn\vendor\laravel\framework\src\Illuminate\Pipeline\Pipeline.php(219): Livewire\Features\SupportDisablingBackButtonCache\DisableBackButtonCacheMiddleware->handle(Object(Illuminate\Http\Request), Object(Closure))
#21 C:\laragon\www\2earn\vendor\barryvdh\laravel-debugbar\src\Middleware\InjectDebugbar.php(59): Illuminate\Pipeline\Pipeline->Illuminate\Pipeline\{closure}(Object(Illuminate\Http\Request))
#22 C:\laragon\www\2earn\vendor\laravel\framework\src\Illuminate\Pipeline\Pipeline.php(219): Barryvdh\Debugbar\Middleware\InjectDebugbar->handle(Object(Illuminate\Http\Request), Object(Closure))
#23 C:\laragon\www\2earn\vendor\laravel\framework\src\Illuminate\Foundation\Http\Middleware\TransformsRequest.php(21): Illuminate\Pipeline\Pipeline->Illuminate\Pipeline\{closure}(Object(Illuminate\Http\Request))
#24 C:\laragon\www\2earn\vendor\laravel\framework\src\Illuminate\Foundation\Http\Middleware\ConvertEmptyStringsToNull.php(31): Illuminate\Foundation\Http\Middleware\TransformsRequest->handle(Object(Illuminate\Http\Request), Object(Closure))
#25 C:\laragon\www\2earn\vendor\laravel\framework\src\Illuminate\Pipeline\Pipeline.php(219): Illuminate\Foundation\Http\Middleware\ConvertEmptyStringsToNull->handle(Object(Illuminate\Http\Request), Object(Closure))
#26 C:\laragon\www\2earn\vendor\laravel\framework\src\Illuminate\Foundation\Http\Middleware\TransformsRequest.php(21): Illuminate\Pipeline\Pipeline->Illuminate\Pipeline\{closure}(Object(Illuminate\Http\Request))
#27 C:\laragon\www\2earn\vendor\laravel\framework\src\Illuminate\Foundation\Http\Middleware\TrimStrings.php(51): Illuminate\Foundation\Http\Middleware\TransformsRequest->handle(Object(Illuminate\Http\Request), Object(Closure))
#28 C:\laragon\www\2earn\vendor\laravel\framework\src\Illuminate\Pipeline\Pipeline.php(219): Illuminate\Foundation\Http\Middleware\TrimStrings->handle(Object(Illuminate\Http\Request), Object(Closure))
#29 C:\laragon\www\2earn\vendor\laravel\framework\src\Illuminate\Http\Middleware\ValidatePostSize.php(27): Illuminate\Pipeline\Pipeline->Illuminate\Pipeline\{closure}(Object(Illuminate\Http\Request))
#30 C:\laragon\www\2earn\vendor\laravel\framework\src\Illuminate\Pipeline\Pipeline.php(219): Illuminate\Http\Middleware\ValidatePostSize->handle(Object(Illuminate\Http\Request), Object(Closure))
#31 C:\laragon\www\2earn\vendor\laravel\framework\src\Illuminate\Foundation\Http\Middleware\PreventRequestsDuringMaintenance.php(109): Illuminate\Pipeline\Pipeline->Illuminate\Pipeline\{closure}(Object(Illuminate\Http\Request))
#32 C:\laragon\www\2earn\vendor\laravel\framework\src\Illuminate\Pipeline\Pipeline.php(219): Illuminate\Foundation\Http\Middleware\PreventRequestsDuringMaintenance->handle(Object(Illuminate\Http\Request), Object(Closure))
#33 C:\laragon\www\2earn\vendor\laravel\framework\src\Illuminate\Http\Middleware\TrustProxies.php(58): Illuminate\Pipeline\Pipeline->Illuminate\Pipeline\{closure}(Object(Illuminate\Http\Request))
#34 C:\laragon\www\2earn\vendor\laravel\framework\src\Illuminate\Pipeline\Pipeline.php(219): Illuminate\Http\Middleware\TrustProxies->handle(Object(Illuminate\Http\Request), Object(Closure))
#35 C:\laragon\www\2earn\vendor\laravel\framework\src\Illuminate\Pipeline\Pipeline.php(137): Illuminate\Pipeline\Pipeline->Illuminate\Pipeline\{closure}(Object(Illuminate\Http\Request))
#36 C:\laragon\www\2earn\vendor\laravel\framework\src\Illuminate\Foundation\Http\Kernel.php(175): Illuminate\Pipeline\Pipeline->then(Object(Closure))
#37 C:\laragon\www\2earn\vendor\laravel\framework\src\Illuminate\Foundation\Http\Kernel.php(144): Illuminate\Foundation\Http\Kernel->sendRequestThroughRouter(Object(Illuminate\Http\Request))
#38 C:\laragon\www\2earn\vendor\laravel\framework\src\Illuminate\Foundation\Testing\Concerns\MakesHttpRequests.php(607): Illuminate\Foundation\Http\Kernel->handle(Object(Illuminate\Http\Request))
#39 C:\laragon\www\2earn\vendor\laravel\framework\src\Illuminate\Foundation\Testing\Concerns\MakesHttpRequests.php(573): Illuminate\Foundation\Testing\TestCase->call('GET', '/api/platforms/...', Array, Array, Array, Array, '[]')
#40 C:\laragon\www\2earn\vendor\laravel\framework\src\Illuminate\Foundation\Testing\Concerns\MakesHttpRequests.php(381): Illuminate\Foundation\Testing\TestCase->json('GET', '/api/platforms/...', Array, Array, 0)
#41 C:\laragon\www\2earn\tests\Feature\Controllers\PlatformControllerTest.php(38): Illuminate\Foundation\Testing\TestCase->getJson('/api/platforms/...')
#42 C:\laragon\www\2earn\vendor\phpunit\phpunit\src\Framework\TestCase.php(1656): Tests\Feature\Controllers\PlatformControllerTest->test_index_returns_datatables()
#43 C:\laragon\www\2earn\vendor\phpunit\phpunit\src\Framework\TestCase.php(514): PHPUnit\Framework\TestCase->runTest()
#44 C:\laragon\www\2earn\vendor\phpunit\phpunit\src\Framework\TestRunner\TestRunner.php(87): PHPUnit\Framework\TestCase->runBare()
#45 C:\laragon\www\2earn\vendor\phpunit\phpunit\src\Framework\TestCase.php(361): PHPUnit\Framework\TestRunner->run(Object(Tests\Feature\Controllers\PlatformControllerTest))
#46 C:\laragon\www\2earn\vendor\phpunit\phpunit\src\Framework\TestSuite.php(369): PHPUnit\Framework\TestCase->run()
#47 C:\laragon\www\2earn\vendor\phpunit\phpunit\src\Framework\TestSuite.php(369): PHPUnit\Framework\TestSuite->run()
#48 C:\laragon\www\2earn\vendor\phpunit\phpunit\src\TextUI\TestRunner.php(64): PHPUnit\Framework\TestSuite->run()
#49 C:\laragon\www\2earn\vendor\phpunit\phpunit\src\TextUI\Application.php(211): PHPUnit\TextUI\TestRunner->run(Object(PHPUnit\TextUI\Configuration\Configuration), Object(PHPUnit\Runner\ResultCache\DefaultResultCache), Object(PHPUnit\Framework\TestSuite))
#50 C:\laragon\www\2earn\vendor\phpunit\phpunit\phpunit(104): PHPUnit\TextUI\Application->run(Array)
#51 {main}

----------------------------------------------------------------------------------

Vite manifest not found at: C:\laragon\www\2earn\public\build/manifest.json

  at tests\Feature\Controllers\PlatformControllerTest.php:41
     37Γûò 
     38Γûò         $response = $this->getJson('/api/platforms/datatables');
     39Γûò 
     40Γûò         // Datatables endpoints typically return JSON
  Γ₧£  41Γûò         $response->assertStatus(200);
     42Γûò     }
     43Γûò 
     44Γûò     #[Test]
     45Γûò     public function test_platforms_can_be_created()


  Tests:    6 failed, 13 skipped, 91 passed (200 assertions)
  Duration: 8.18s

