
   PASS  Tests\Unit\ExampleTest
  Γ£ô example

   PASS  Tests\Unit\Services\ActionHistorysServiceTest
  Γ£ô get by id returns action history                                                                                                                                                                                         0.26s  
  Γ£ô get by id returns null for nonexistent                                                                                                                                                                                   0.04s  
  Γ£ô get paginated returns paginated results                                                                                                                                                                                  0.04s  
  Γ£ô get paginated filters by search                                                                                                                                                                                          0.04s  
  Γ£ô get all returns all action histories                                                                                                                                                                                     0.03s  
  Γ£ô update updates action history                                                                                                                                                                                            0.05s  
  Γ£ô update returns false for nonexistent                                                                                                                                                                                     0.04s  
  Γ£ô update with multiple fields                                                                                                                                                                                              0.04s  

   PASS  Tests\Unit\Services\AmountServiceTest
  Γ£ô get by id returns amount when exists                                                                                                                                                                                     0.04s  
  Γ£ô get by id returns null when not exists                                                                                                                                                                                   0.03s  
  Γ£ô get paginated returns paginated results                                                                                                                                                                                  0.04s  
  Γ£ô get paginated filters by search term                                                                                                                                                                                     0.05s  
  Γ£ô update successfully updates amount                                                                                                                                                                                       0.04s  
  Γ£ô update returns false when amount not found                                                                                                                                                                               0.04s  
  Γ£ô get all returns all amounts                                                                                                                                                                                              0.04s  
  Γ£ô get all returns empty collection when no amounts                                                                                                                                                                         0.03s  

   PASS  Tests\Unit\Services\BalanceOperationServiceTest
  Γ£ô get all returns all balance operations                                                                                                                                                                                   0.06s  
  Γ£ô get all returns empty collection when no operations                                                                                                                                                                      0.04s  
  Γ£ô find by id returns balance operation when exists                                                                                                                                                                         0.04s  
  Γ£ô find by id returns null when not exists                                                                                                                                                                                  0.06s  
  Γ£ô find by id or fail returns balance operation                                                                                                                                                                             0.05s  
  Γ£ô find by id or fail throws exception when not exists                                                                                                                                                                      0.07s  
  Γ£ô update successfully updates balance operation                                                                                                                                                                            0.08s  
  Γ£ô update returns null when operation not found                                                                                                                                                                             0.08s  
  Γ£ô create successfully creates balance operation                                                                                                                                                                            0.06s  
  Γ£ô delete successfully deletes balance operation                                                                                                                                                                            0.07s  
  Γ£ô delete returns false when operation not found                                                                                                                                                                            0.04s  
  Γ£ô get multiplicator returns value                                                                                                                                                                                          0.05s  

   PASS  Tests\Unit\Services\Balances\BalanceOperationServiceTest
  Γ£ô get filtered operations returns paginated results                                                                                                                                                                        0.06s  
  Γ£ô get filtered operations filters by search                                                                                                                                                                                0.05s  
  Γ£ô get operation by id returns operation when exists                                                                                                                                                                        0.06s  
  Γ£ô get operation by id returns null when not exists                                                                                                                                                                         0.04s  
  Γ£ô get all operations returns all operations                                                                                                                                                                                0.05s  
  Γ£ô create operation creates new operation                                                                                                                                                                                   0.04s  
  Γ£ô update operation updates successfully                                                                                                                                                                                    0.05s  
  Γ£ô update operation returns false when not found                                                                                                                                                                            0.04s  
  Γ£ô delete operation deletes successfully                                                                                                                                                                                    0.05s  
  Γ£ô delete operation returns false when not found                                                                                                                                                                            0.03s  
  Γ£ô get operation category name returns name when exists                                                                                                                                                                     0.04s  
  Γ£ô get operation category name returns dash when not found                                                                                                                                                                  0.04s  
  Γ£ô get operation category name returns dash when null                                                                                                                                                                       0.05s  

   PASS  Tests\Unit\Services\Balances\BalanceServiceTest
  Γ£ô get user balances query works                                                                                                                                                                                            0.06s  
  Γ£ô get balance table name works                                                                                                                                                                                             0.03s  
  Γ£ô get user balances datatables works                                                                                                                                                                                       0.05s  
  Γ£ô get purchase b f s user datatables works                                                                                                                                                                                 0.05s  
  Γ£ô get purchase b f s user datatables with type filter works                                                                                                                                                                0.04s  
  Γ£ô get sms user datatables works                                                                                                                                                                                            0.04s  
  Γ£ô get chance user datatables works                                                                                                                                                                                         0.05s  
  Γ£ô get shares solde datatables works                                                                                                                                                                                        0.05s  

   PASS  Tests\Unit\Services\Balances\BalanceTreeServiceTest
  Γ£ô get user balances list returns tree balances                                                                                                                                                                             0.03s  
  Γ£ô get user balances list returns cash balances                                                                                                                                                                             0.06s  
  Γ£ô get user balances list returns share balances                                                                                                                                                                            0.05s  
  Γ£ô get user balances list returns bfs balances                                                                                                                                                                              0.05s  
  Γ£ô get user balances list returns discount balances                                                                                                                                                                         0.03s  
  Γ£ô get user balances list returns sms balances                                                                                                                                                                              0.03s  
  Γ£ô get user balances list defaults to cash for unknown type                                                                                                                                                                 0.03s  
  Γ£ô get user balances list returns ordered results                                                                                                                                                                           0.03s  

   PASS  Tests\Unit\Services\Balances\CashBalancesServiceTest
  Γ£ô get today sales returns todays sales                                                                                                                                                                                     0.05s  
  Γ£ô get today sales returns null when no sales                                                                                                                                                                               0.04s  
  Γ£ô get total sales returns all sales                                                                                                                                                                                        0.04s  
  Γ£ô get total sales returns null when no sales                                                                                                                                                                               0.06s  
  Γ£ô get sales data returns array with today and total                                                                                                                                                                        0.04s  
  Γ£ô get transfert query returns query builder                                                                                                                                                                                0.04s  
  Γ£ô get transfert query filters correctly                                                                                                                                                                                    0.04s  
  Γ£ô get transactions returns paginated results                                                                                                                                                                               0.06s  
  Γ£ô get transactions filters by search                                                                                                                                                                                       0.05s  
  Γ£ô get transactions sorts by field                                                                                                                                                                                          0.05s  
  Γ£ô get transactions only returns entries with description                                                                                                                                                                   0.05s  

   PASS  Tests\Unit\Services\Balances\OperationCategoryServiceTest
  Γ£ô get filtered categories returns paginated results                                                                                                                                                                        0.06s  
  Γ£ô get filtered categories filters by name                                                                                                                                                                                  0.04s  
  Γ£ô get filtered categories filters by code                                                                                                                                                                                  0.05s  
  Γ£ô get filtered categories orders by id desc                                                                                                                                                                                0.03s  
  Γ£ô get category by id returns category                                                                                                                                                                                      0.05s  
  Γ£ô get category by id returns null for nonexistent                                                                                                                                                                          0.03s  
  Γ£ô get all categories returns all categories                                                                                                                                                                                0.04s  
  Γ£ô get all categories orders by id desc                                                                                                                                                                                     0.04s  
  Γ£ô get all returns all categories                                                                                                                                                                                           0.04s  
  Γ£ô create category creates new category                                                                                                                                                                                     0.04s  
  Γ£ô update category updates category                                                                                                                                                                                         0.05s  
  Γ£ô update category returns false for nonexistent                                                                                                                                                                            0.02s  
  Γ£ô delete category deletes category                                                                                                                                                                                         0.04s  
  Γ£ô delete category returns false for nonexistent                                                                                                                                                                            0.03s  

   PASS  Tests\Unit\Services\Balances\ShareBalanceServiceTest
  Γ£ô get shares soldes data returns paginated results                                                                                                                                                                         2.01s  
  Γ£ô get shares soldes data filters by search                                                                                                                                                                                 1.00s  
  Γ£ô get shares soldes data with custom sorting                                                                                                                                                                               1.05s  
  Γ£ô get share balances list returns collection                                                                                                                                                                               0.06s  
  Γ£ô get shares soldes query returns collection                                                                                                                                                                               1.05s  
  Γ£ô get share price evolution date query returns collection                                                                                                                                                                  0.03s  
  Γ£ô get share price evolution week query returns collection                                                                                                                                                                  0.03s  
  Γ£ô get share price evolution month query returns collection                                                                                                                                                                 0.03s  
  Γ£ô get share price evolution day query returns collection                                                                                                                                                                   0.03s  
  Γ£ô get share price evolution query returns collection                                                                                                                                                                       0.05s  
  Γ£ô get shares solde query returns query builder                                                                                                                                                                             0.05s  
  Γ£ô update share balance updates successfully                                                                                                                                                                                0.03s  
  Γ£ô update share balance returns true on success                                                                                                                                                                             0.05s  
  Γ£ô get user balances for delayed sponsorship returns collection                                                                                                                                                             0.04s  
  Γ£ô get user balances for delayed sponsorship handles errors                                                                                                                                                                 0.03s  
  Γ£ô get share balances list filters by user                                                                                                                                                                                  0.03s  
  Γ£ô get shares soldes data supports custom per page                                                                                                                                                                          1.98s  
  Γ£ô get shares soldes query includes required fields                                                                                                                                                                         2.29s  
  Γ£ô get share price evolution month query works                                                                                                                                                                              0.06s  
  Γ£ô get share price evolution day query works                                                                                                                                                                                0.06s  
  Γ£ô get share price evolution query works                                                                                                                                                                                    0.05s  
  Γ£ô get shares solde query works                                                                                                                                                                                             0.05s  
  Γ£ô update share balance works                                                                                                                                                                                               0.05s  
  Γ£ô get user balances for delayed sponsorship works                                                                                                                                                                          0.05s  

   PASS  Tests\Unit\Services\BusinessSector\BusinessSectorServiceTest
  Γ£ô get all returns all business sectors                                                                                                                                                                                     0.06s  
  Γ£ô get all ordered by name orders correctly                                                                                                                                                                                 0.05s  
  Γ£ô get all ordered by name desc                                                                                                                                                                                             0.05s  
  Γ£ô get business sectors filters by search                                                                                                                                                                                   0.05s  
  Γ£ô get business sectors returns paginated results                                                                                                                                                                           0.05s  
  Γ£ô get by id returns business sector                                                                                                                                                                                        0.06s  
  Γ£ô get by id returns null when not found                                                                                                                                                                                    0.03s  
  Γ£ô get business sector with images loads relationships                                                                                                                                                                      0.04s  
  Γ£ô get sectors with user purchases works                                                                                                                                                                                    0.14s  
  Γ£ô find or fail returns business sector                                                                                                                                                                                     0.04s  
  Γ£ô find or fail throws exception when not found                                                                                                                                                                             0.05s  
  Γ£ô create creates new business sector                                                                                                                                                                                       0.03s  
  Γ£ô update updates business sector                                                                                                                                                                                           0.05s  
  Γ£ô update returns false when not found                                                                                                                                                                                      0.05s  
  Γ£ô delete deletes business sector                                                                                                                                                                                           0.05s  
  Γ£ô delete returns false when not found                                                                                                                                                                                      0.05s  
  Γ£ô delete business sector deletes successfully                                                                                                                                                                              0.03s  

   PASS  Tests\Unit\Services\CartServiceTest
  Γ£ô get user cart returns cart when exists                                                                                                                                                                                   0.06s  
  Γ£ô get user cart returns null when not exists                                                                                                                                                                               0.05s  
  Γ£ô get user cart returns correct cart for user                                                                                                                                                                              0.03s  
  Γ£ô is cart empty returns true when cart not exists                                                                                                                                                                          0.04s  
  Γ£ô is cart empty returns true when no items                                                                                                                                                                                 0.03s  
  Γ£ô is cart empty returns false when has items                                                                                                                                                                               0.05s  
  Γ£ô is cart empty returns false when has multiple items                                                                                                                                                                      0.05s  
  Γ£ô get cart items grouped by platform returns empty when no cart                                                                                                                                                            0.05s  
  Γ£ô get cart items grouped by platform returns empty when cart empty                                                                                                                                                         0.04s  
  Γ£ô get cart items grouped by platform groups correctly                                                                                                                                                                      0.04s  
  Γ£ô get cart items grouped by platform handles deals                                                                                                                                                                         0.06s  
  Γ£ô get cart items grouped by platform filters invalid items                                                                                                                                                                 0.05s  
  Γ£ô get unique platforms count returns correct count                                                                                                                                                                         0.05s  
  Γ£ô get unique platforms count returns zero when no cart                                                                                                                                                                     0.05s  
  Γ£ô get unique platforms count returns zero when cart empty                                                                                                                                                                  0.05s  
  Γ£ô get unique platforms count returns one when same platform                                                                                                                                                                0.06s  
  Γ£ô get unique platforms count handles deals                                                                                                                                                                                 0.07s  
  Γ£ô get unique platforms count ignores items without platform                                                                                                                                                                0.06s  
  Γ£ô get unique platforms count with multiple platforms                                                                                                                                                                       0.06s  

   PASS  Tests\Unit\Services\CashServiceTest
  Γ£ô prepare cash to bfs exchange generates otp                                                                                                                                                                               0.04s  
  Γ£ô prepare cash to bfs exchange includes verification params                                                                                                                                                                0.03s  
  Γ£ô verify cash to bfs exchange succeeds with correct otp                                                                                                                                                                    0.03s  
  Γ£ô verify cash to bfs exchange fails with incorrect otp                                                                                                                                                                     0.05s  
  Γ£ô verify cash to bfs exchange fails with empty otp                                                                                                                                                                         0.03s  

   PASS  Tests\Unit\Services\CommentServiceTest
  Γ£ô find by id or fail returns comment                                                                                                                                                                                       0.05s  
  Γ£ô find by id or fail throws exception when not exists                                                                                                                                                                      0.04s  
  Γ£ô delete successfully deletes comment                                                                                                                                                                                      0.06s  
  Γ£ô delete returns false when comment not found                                                                                                                                                                              0.04s  
  Γ£ô validate comment successfully validates                                                                                                                                                                                  0.04s  
  Γ£ô validate comment returns false when not found                                                                                                                                                                            0.04s  
  Γ£ô delete comment alias works                                                                                                                                                                                               0.05s  
  Γ£ô create comment successfully creates                                                                                                                                                                                      0.05s  
  Γ£ô create comment returns error when news not found                                                                                                                                                                         0.06s  

   PASS  Tests\Unit\Services\Comments\CommentsServiceTest
  Γ£ô get validated comments works                                                                                                                                                                                             0.06s  
  Γ£ô get validated comments orders correctly                                                                                                                                                                                  0.06s  
  Γ£ô get unvalidated comments works                                                                                                                                                                                           0.05s  
  Γ£ô get all comments works                                                                                                                                                                                                   0.07s  
  Γ£ô add comment works                                                                                                                                                                                                        0.04s  
  Γ£ô add comment with validated flag                                                                                                                                                                                          0.06s  
  Γ£ô validate comment works                                                                                                                                                                                                   0.05s  
  Γ£ô delete comment works                                                                                                                                                                                                     0.06s  
  Γ£ô get comment count works                                                                                                                                                                                                  0.07s  
  Γ£ô has user commented works                                                                                                                                                                                                 0.04s  
  Γ£ô has user commented returns false when user has not commented                                                                                                                                                             0.05s  

   PASS  Tests\Unit\Services\CommissionBreakDownServiceTest
  Γ£ô get by deal id returns breakdowns                                                                                                                                                                                        0.16s  
  Γ£ô get by deal id orders results                                                                                                                                                                                            0.09s  
  Γ£ô get by id returns breakdown                                                                                                                                                                                              0.04s  
  Γ£ô get by id returns null for nonexistent                                                                                                                                                                                   0.03s  
  Γ£ô calculate totals calculates correctly                                                                                                                                                                                    0.07s  
  Γ£ô calculate totals returns zeros for nonexistent                                                                                                                                                                           0.04s  
  Γ£ô create creates breakdown                                                                                                                                                                                                 0.06s  
  Γ£ô update updates breakdown                                                                                                                                                                                                 0.08s  
  Γ£ô update returns false for nonexistent                                                                                                                                                                                     0.05s  
  Γ£ô delete deletes breakdown                                                                                                                                                                                                 0.04s  
  Γ£ô delete returns false for nonexistent                                                                                                                                                                                     0.03s  
  Γ£ô get by deal id orders desc                                                                                                                                                                                               0.05s  

   PASS  Tests\Unit\Services\Commission\PlanLabelServiceTest
  Γ£ô get plan labels returns all labels                                                                                                                                                                                       0.05s  
  Γ£ô get plan labels filters by active status                                                                                                                                                                                 0.06s  
  Γ£ô get plan labels filters by search                                                                                                                                                                                        0.05s  
  Γ£ô get plan labels filters by stars                                                                                                                                                                                         0.05s  
  Γ£ô get plan labels filters by step                                                                                                                                                                                          0.03s  
  Γ£ô get plan labels filters by commission range                                                                                                                                                                              0.04s  
  Γ£ô get plan labels with custom ordering                                                                                                                                                                                     0.03s  
  Γ£ô get active labels returns only active                                                                                                                                                                                    0.05s  
  Γ£ô get active labels orders by initial commission                                                                                                                                                                           0.04s  
  Γ£ô get plan label by id returns label                                                                                                                                                                                       0.04s  
  Γ£ô get plan label by id returns null for nonexistent                                                                                                                                                                        0.03s  
  Γ£ô create plan label creates new label                                                                                                                                                                                      0.03s  
  Γ£ô update plan label updates label                                                                                                                                                                                          0.05s  
  Γ£ô update plan label returns null for nonexistent                                                                                                                                                                           0.04s  
  Γ£ô delete plan label deletes label                                                                                                                                                                                          0.05s  
  Γ£ô delete plan label returns false for nonexistent                                                                                                                                                                          0.06s  
  Γ£ô toggle active toggles status                                                                                                                                                                                             0.04s  
  Γ£ô toggle active from inactive to active                                                                                                                                                                                    0.03s  
  Γ£ô calculate commission calculates initial                                                                                                                                                                                  0.03s  
  Γ£ô calculate commission calculates final                                                                                                                                                                                    0.03s  
  Γ£ô calculate commission returns null for nonexistent                                                                                                                                                                        0.05s  
  Γ£ô get for select returns formatted data                                                                                                                                                                                    0.04s  
  Γ£ô get for select only returns active                                                                                                                                                                                       0.06s  
  Γ£ô get paginated labels returns paginated results                                                                                                                                                                           0.04s  
  Γ£ô get paginated labels filters by search                                                                                                                                                                                   0.04s  
  Γ£ô get paginated labels filters by stars                                                                                                                                                                                    0.05s  
  Γ£ô get paginated labels adds commission range                                                                                                                                                                               0.03s  
  Γ£ô get plan labels with relationships                                                                                                                                                                                       0.03s  

   PASS  Tests\Unit\Services\CommittedInvestor\CommittedInvestorRequestServiceTest
  Γ£ô get last committed investor request works                                                                                                                                                                                0.06s  
  Γ£ô get last committed investor request by status works                                                                                                                                                                      0.05s  
  Γ£ô create committed investor request works                                                                                                                                                                                  0.05s  
  Γ£ô has in progress request works                                                                                                                                                                                            0.03s  
  Γ£ô has in progress request returns false when no request                                                                                                                                                                    0.03s  
  Γ£ô get committed investor request by id works                                                                                                                                                                               0.05s  
  Γ£ô get committed investor request by id returns null when not found                                                                                                                                                         0.05s  
  Γ£ô update committed investor request works                                                                                                                                                                                  0.05s  
  Γ£ô get in progress requests works                                                                                                                                                                                           0.04s  
  Γ£ô get user committed investor requests works                                                                                                                                                                               0.04s  

   PASS  Tests\Unit\Services\CommunicationBoardServiceTest
  Γ£ô get communication board items returns array                                                                                                                                                                              0.73s  
  Γ£ô get communication board items includes surveys                                                                                                                                                                           0.78s  
  Γ£ô get communication board items includes news                                                                                                                                                                              0.77s  
  Γ£ô get communication board items includes events                                                                                                                                                                            1.44s  
  Γ£ô get communication board items formats with type                                                                                                                                                                          1.94s  
  Γ£ô get communication board items merges all types                                                                                                                                                                           0.87s  
  Γ£ô get communication board items handles errors gracefully                                                                                                                                                                  0.81s  

   FAIL  Tests\Unit\Services\ContactUserServiceTest
  Γ£ô find by id and user id returns contact                                                                                                                                                                                   0.04s  
  Γ£ô find by id and user id returns null for nonexistent                                                                                                                                                                      0.03s  
  Γ£ô find by user id and full phone returns contact                                                                                                                                                                           0.05s  
  Γ£ô find by user id and full phone returns null for nonexistent                                                                                                                                                              0.04s  
  Γ£ô find by user id mobile and code returns contact                                                                                                                                                                          0.04s  
  Γ£ô find by user id mobile and code returns null for nonexistent                                                                                                                                                             0.04s  
  Γ£ô get by user id returns all contacts                                                                                                                                                                                      0.04s  
  Γ£ô get by user id returns empty for no contacts                                                                                                                                                                             0.03s  
  Γ¿» create creates contact user                                                                                                                                                                                              0.08s  
  Γ£ô update updates contact user                                                                                                                                                                                              0.07s  
  Γ£ô update returns false for nonexistent                                                                                                                                                                                     0.05s  
  Γ£ô delete deletes contact user                                                                                                                                                                                              0.06s  
  Γ£ô delete returns false for nonexistent                                                                                                                                                                                     0.07s  
  Γ£ô find by id and user id returns null for wrong user                                                                                                                                                                       0.05s  
  Γ£ô update with multiple fields                                                                                                                                                                                              0.07s  

   PASS  Tests\Unit\Services\CountriesServiceTest
  Γ£ô get by phone code returns country when exists                                                                                                                                                                            0.06s  
  Γ£ô get by phone code returns null when not exists                                                                                                                                                                           0.06s  
  Γ£ô get country model by phone code returns country when exists                                                                                                                                                              0.05s  
  Γ£ô get country model by phone code returns null when not exists                                                                                                                                                             0.05s  
  Γ£ô get all returns all countries                                                                                                                                                                                            0.05s  
  Γ£ô get all returns empty collection when no countries                                                                                                                                                                       0.44s  
  Γ£ô get for datatable returns countries with default columns                                                                                                                                                                 0.03s  
  Γ£ô get for datatable returns countries with custom columns                                                                                                                                                                  0.03s  

   PASS  Tests\Unit\Services\CountryServiceTest
  Γ£ô update country language successfully                                                                                                                                                                                     0.06s  
  Γ£ô update country language when country not found                                                                                                                                                                           0.04s  
  Γ£ô get country by id returns country when exists                                                                                                                                                                            0.03s  
  Γ£ô get country by id returns null when not exists                                                                                                                                                                           0.03s  

   FAIL  Tests\Unit\Services\Coupon\BalanceInjectorCouponServiceTest
  Γ¿» get paginated returns paginated results                                                                                                                                                                                  0.06s  
  Γ£ô get paginated filters by pin                                                                                                                                                                                             0.04s  
  Γ£ô get paginated sorts by field                                                                                                                                                                                             0.05s  
  Γ£ô get by id returns coupon                                                                                                                                                                                                 0.05s  
  Γ£ô get by id returns null for nonexistent                                                                                                                                                                                   0.04s  
  Γ£ô get by id or fail returns coupon                                                                                                                                                                                         0.04s  
  Γ£ô get by id or fail throws exception                                                                                                                                                                                       0.04s  
  Γ£ô delete deletes coupon                                                                                                                                                                                                    0.05s  
  Γ£ô delete multiple deletes only unconsumed                                                                                                                                                                                  0.05s  
  Γ£ô get all returns all coupons                                                                                                                                                                                              0.05s  
  Γ£ô get by pin returns coupon                                                                                                                                                                                                0.05s  
  Γ£ô get by pin returns null for nonexistent                                                                                                                                                                                  0.04s  
  Γ£ô get by user id returns user coupons                                                                                                                                                                                      0.04s  
  Γ£ô get by user id orders by created at desc                                                                                                                                                                                 0.04s  
  Γ£ô create multiple coupons creates coupons                                                                                                                                                                                  0.03s  
  Γ£ô create multiple coupons validates number                                                                                                                                                                                 0.03s  
  Γ£ô create multiple coupons with category 2                                                                                                                                                                                  0.04s  

   PASS  Tests\Unit\Services\Coupon\CouponServiceTest
  Γ£ô get by id works                                                                                                                                                                                                          0.06s  
  Γ£ô get by id or fail works                                                                                                                                                                                                  0.03s  
  Γ£ô get user coupons paginated works                                                                                                                                                                                         0.07s  
  Γ£ô get user coupons works                                                                                                                                                                                                   0.07s  
  Γ£ô delete multiple works                                                                                                                                                                                                    0.04s  
  Γ£ô delete works                                                                                                                                                                                                             0.06s  
  Γ£ô consume works                                                                                                                                                                                                            0.06s  
  Γ£ô get coupons paginated works                                                                                                                                                                                              0.06s  
  Γ£ô delete by id works                                                                                                                                                                                                       0.04s  
  Γ£ô get max available amount works                                                                                                                                                                                           0.06s  
  Γ£ô delete multiple by ids works                                                                                                                                                                                             0.04s  
  Γ£ô get all coupons ordered works                                                                                                                                                                                            0.06s  
  Γ£ô get purchased coupons paginated works                                                                                                                                                                                    0.06s  
  Γ£ô get purchased coupons by status works                                                                                                                                                                                    0.06s  
  Γ£ô mark as consumed works                                                                                                                                                                                                   0.04s  
  Γ£ô get by sn works                                                                                                                                                                                                          0.05s  
  Γ£ô find coupon by id works                                                                                                                                                                                                  0.05s  
  Γ£ô update coupon works                                                                                                                                                                                                      0.05s  
  Γ£ô get available coupons for platform works                                                                                                                                                                                 0.05s  
  Γ£ô create multiple coupons works                                                                                                                                                                                            0.06s  
  Γ£ô buy coupon works                                                                                                                                                                                                         0.07s  
  Γ£ô get coupons for amount works                                                                                                                                                                                             0.04s  
  Γ£ô simulate coupon purchase works                                                                                                                                                                                           0.06s  

   PASS  Tests\Unit\Services\Dashboard\SalesDashboardServiceTest
  Γ£ô get kpi data works                                                                                                                                                                                                       0.07s  
  Γ£ô get kpi data throws exception without role                                                                                                                                                                               0.07s  
  Γ£ô get transactions works                                                                                                                                                                                                   0.05s  
  Γ£ô get transactions details works                                                                                                                                                                                           0.05s  
  Γ£ô get sales evolution chart works                                                                                                                                                                                          0.04s  
  Γ£ô get top selling products works                                                                                                                                                                                           0.03s  
  Γ£ô get top selling deals works                                                                                                                                                                                              0.03s  
  Γ£ô get top selling platforms works                                                                                                                                                                                          0.05s  

   FAIL  Tests\Unit\Services\DealChangeRequest\DealChangeRequestServiceTest
  Γ£ô get paginated requests works                                                                                                                                                                                             0.18s  
  Γ£ô get all requests works                                                                                                                                                                                                   0.11s  
  Γ£ô get request by id works                                                                                                                                                                                                  0.04s  
  Γ£ô get request by id with relations works                                                                                                                                                                                   0.05s  
  Γ£ô create request works                                                                                                                                                                                                     0.04s  
  Γ£ô update request works                                                                                                                                                                                                     0.04s  
  Γ£ô approve request works                                                                                                                                                                                                    0.05s  
  Γ£ô reject request works                                                                                                                                                                                                     0.04s  
  Γ¿» get requests by status works                                                                                                                                                                                             0.07s  
  Γ£ô get requests by deal id works                                                                                                                                                                                            0.06s  
  Γ£ô count pending requests works                                                                                                                                                                                             0.12s  

   FAIL  Tests\Unit\Services\Deals\DealProductChangeServiceTest
  Γ£ô get filtered changes returns paginated results                                                                                                                                                                           0.22s  
  Γ¿» get filtered changes filters by deal id                                                                                                                                                                                  0.06s  
  Γ£ô get filtered changes filters by action                                                                                                                                                                                   0.09s  
  Γ£ô get filtered changes filters by date range                                                                                                                                                                               0.05s  
  Γ£ô get change by id returns change                                                                                                                                                                                          0.06s  
  Γ£ô get change by id returns null for nonexistent                                                                                                                                                                            0.03s  
  Γ¿» get statistics returns statistics                                                                                                                                                                                        0.08s  
  Γ£ô get statistics returns recent changes                                                                                                                                                                                    0.19s  
  Γ£ô get statistics returns top users                                                                                                                                                                                         0.11s  
  Γ¿» create change creates change                                                                                                                                                                                             0.04s  
  Γ£ô create bulk changes creates multiple changes                                                                                                                                                                             0.05s  
  Γ£ô create bulk changes without user                                                                                                                                                                                         0.04s  
  Γ¿» get filtered changes orders by created at desc                                                                                                                                                                           0.06s  
  Γ£ô get filtered changes filters by multiple criteria                                                                                                                                                                        0.10s  

   FAIL  Tests\Unit\Services\Deals\DealServiceTest
  Γ£ô get partner deals works                                                                                                                                                                                                  0.05s  
  Γ£ô get partner deals count works                                                                                                                                                                                            0.05s  
  Γ£ô get partner deal by id works                                                                                                                                                                                             0.05s  
  Γ¿» enrich deals with requests works                                                                                                                                                                                         0.05s  
  Γ£ô get deal change requests count works                                                                                                                                                                                     0.06s  
  Γ£ô get deal change requests limited works                                                                                                                                                                                   0.07s  
  Γ¿» get deal validation requests count works                                                                                                                                                                                 0.09s  
  Γ£ô get deal validation requests limited works                                                                                                                                                                               0.10s  
  Γ£ô get deal change requests works                                                                                                                                                                                           0.08s  
  Γ£ô get deal validation requests works                                                                                                                                                                                       0.08s  
  Γ£ô user has permission works                                                                                                                                                                                                0.04s  
  Γ£ô create validation request works                                                                                                                                                                                          0.07s  
  Γ£ô create change request works                                                                                                                                                                                              0.05s  
  Γ£ô get filtered deals works                                                                                                                                                                                                 0.08s  
  Γ£ô create works                                                                                                                                                                                                             0.05s  
  Γ£ô find works                                                                                                                                                                                                               0.04s  
  Γ£ô update works                                                                                                                                                                                                             0.06s  
  Γ£ô get deal parameter works                                                                                                                                                                                                 0.04s  
  Γ£ô get archived deals works                                                                                                                                                                                                 0.09s  
  Γ£ô get dashboard indicators works                                                                                                                                                                                           0.06s  
  Γ£ô get deal performance chart works                                                                                                                                                                                         0.04s  
  Γ£ô get all deals works                                                                                                                                                                                                      0.09s  
  Γ£ô get available deals works                                                                                                                                                                                                0.05s  
  Γ£ô find by id works                                                                                                                                                                                                         0.04s  
  Γ£ô delete works                                                                                                                                                                                                             0.06s  
  Γ£ô get deals with user purchases works                                                                                                                                                                                      0.08s  

   FAIL  Tests\Unit\Services\Deals\PendingDealChangeRequestsInlineServiceTest
  Γ£ô get pending requests returns pending requests                                                                                                                                                                            0.10s  
  Γ£ô get pending requests respects limit                                                                                                                                                                                      0.09s  
  Γ£ô get pending requests loads relationships                                                                                                                                                                                 0.06s  
  Γ£ô get pending requests orders by created at desc                                                                                                                                                                           0.08s  
  Γ£ô get total pending returns correct count                                                                                                                                                                                  0.09s  
  Γ£ô get total pending returns zero when no pending                                                                                                                                                                           0.06s  
  Γ£ô get pending requests with total returns array                                                                                                                                                                            0.07s  
  Γ¿» get pending requests with total respects limit                                                                                                                                                                           0.09s  
  Γ£ô find request returns request                                                                                                                                                                                             0.06s  
  Γ£ô find request throws exception when not found                                                                                                                                                                             0.04s  
  Γ£ô find request with relations loads relationships                                                                                                                                                                          0.06s  

   FAIL  Tests\Unit\Services\Deals\PendingDealValidationRequestsInlineServiceTest
  Γ¿» get pending requests returns pending requests                                                                                                                                                                            0.07s  
  Γ¿» get pending requests respects limit                                                                                                                                                                                      0.08s  
  Γ£ô get pending requests loads relationships                                                                                                                                                                                 0.05s  
  Γ£ô get pending requests orders by created at desc                                                                                                                                                                           0.05s  
  Γ£ô get total pending returns correct count                                                                                                                                                                                  0.10s  
  Γ£ô get total pending returns zero when no pending                                                                                                                                                                           0.06s  
  Γ£ô get pending requests with total returns array                                                                                                                                                                            0.07s  
  Γ£ô get pending requests with total respects limit                                                                                                                                                                           0.10s  
  Γ£ô find request returns request                                                                                                                                                                                             0.05s  
  Γ£ô find request throws exception when not found                                                                                                                                                                             0.03s  
  Γ£ô find request with relations loads relationships                                                                                                                                                                          0.05s  
  Γ£ô approve request approves request and validates deal                                                                                                                                                                      0.07s  
  Γ£ô approve request throws exception when already processed                                                                                                                                                                  0.05s  
  Γ£ô reject request rejects request                                                                                                                                                                                           0.05s  
  Γ£ô reject request throws exception when already processed                                                                                                                                                                   0.05s  
  Γ¿» get paginated requests works                                                                                                                                                                                             0.09s  

   PASS  Tests\Unit\Services\EntityRole\EntityRoleServiceTest
  Γ£ô get all roles returns all roles                                                                                                                                                                                          0.05s  
  Γ£ô get role by id returns role                                                                                                                                                                                              0.04s  
  Γ£ô get role by id returns null when not found                                                                                                                                                                               0.03s  
  Γ£ô get platform roles returns only platform roles                                                                                                                                                                           0.06s  
  Γ£ô get partner roles returns only partner roles                                                                                                                                                                             0.05s  
  Γ£ô get roles for platform returns platform roles                                                                                                                                                                            0.05s  
  Γ£ô get roles for platform with pagination                                                                                                                                                                                   0.05s  
  Γ£ô get entity roles keyed by name returns keyed collection                                                                                                                                                                  0.06s  
  Γ£ô get roles for partner returns partner roles                                                                                                                                                                              0.03s  
  Γ£ô create platform role creates new role                                                                                                                                                                                    0.04s  
  Γ£ô create partner role creates new role                                                                                                                                                                                     0.04s  
  Γ£ô update role updates existing role                                                                                                                                                                                        0.03s  
  Γ£ô update role throws exception when not found                                                                                                                                                                              0.04s  
  Γ£ô delete role deletes role                                                                                                                                                                                                 0.04s  
  Γ£ô search roles by name finds roles                                                                                                                                                                                         0.06s  
  Γ£ô get filtered roles returns filtered results                                                                                                                                                                              0.05s  
  Γ£ô role name exists for roleable returns true when exists                                                                                                                                                                   0.04s  
  Γ£ô role name exists for roleable returns false when not exists                                                                                                                                                              0.03s  
  Γ£ô user has platform role returns true when has role                                                                                                                                                                        0.05s  
  Γ£ô user has partner role returns true when has role                                                                                                                                                                         0.05s  
  Γ£ô get user platform ids returns platform ids                                                                                                                                                                               0.05s  
  Γ£ô get user partner ids returns partner ids                                                                                                                                                                                 0.05s  
  Γ£ô get all platform partner user ids returns user ids                                                                                                                                                                       0.03s  
  Γ£ô get platforms with roles for user returns platforms                                                                                                                                                                      0.05s  
  Γ£ô get user roles for platform returns role names                                                                                                                                                                           0.04s  
  Γ£ô get role by user platform and name returns role                                                                                                                                                                          0.03s  
  Γ£ô get role by platform and name returns role                                                                                                                                                                               0.03s  
  Γ£ô get platform owner role returns owner role                                                                                                                                                                               0.05s  

   FAIL  Tests\Unit\Services\EventServiceTest
  Γ£ô get by id returns event when exists                                                                                                                                                                                      0.07s  
  Γ£ô get by id returns null when not exists                                                                                                                                                                                   0.05s  
  Γ¿» get enabled events returns only enabled                                                                                                                                                                                  0.04s  
  Γ¿» get all returns all events                                                                                                                                                                                               0.05s  
  Γ£ô create successfully creates event                                                                                                                                                                                        0.04s  
  Γ£ô update successfully updates event                                                                                                                                                                                        0.03s  
  Γ£ô update returns false when event not found                                                                                                                                                                                0.05s  
  Γ£ô delete successfully deletes event                                                                                                                                                                                        0.05s  
  Γ£ô delete returns false when event not found                                                                                                                                                                                0.04s  
  Γ£ô find by id or fail returns event                                                                                                                                                                                         0.05s  
  Γ£ô find by id or fail throws exception when not exists                                                                                                                                                                      0.04s  
  Γ£ô get with main image returns event with relationship                                                                                                                                                                      0.03s  
  Γ£ô get with relationships loads all relationships                                                                                                                                                                           0.05s  

   FAIL  Tests\Unit\Services\Faq\FaqServiceTest
  Γ£ô get by id returns faq                                                                                                                                                                                                    0.06s  
  Γ£ô get by id returns null when not found                                                                                                                                                                                    0.02s  
  Γ£ô get by id or fail returns faq                                                                                                                                                                                            0.04s  
  Γ£ô get by id or fail throws exception when not found                                                                                                                                                                        0.05s  
  Γ£ô get paginated returns paginated results                                                                                                                                                                                  0.04s  
  Γ£ô get paginated filters by search                                                                                                                                                                                          0.03s  
  Γ£ô get paginated orders by created at desc                                                                                                                                                                                  0.04s  
  Γ£ô get all returns all faqs                                                                                                                                                                                                 0.05s  
  Γ£ô get all orders by created at desc                                                                                                                                                                                        0.05s  
  Γ£ô create creates new faq                                                                                                                                                                                                   0.04s  
  Γ£ô update updates faq                                                                                                                                                                                                       0.04s  
  Γ£ô update throws exception when not found                                                                                                                                                                                   0.03s  
  Γ£ô delete deletes faq                                                                                                                                                                                                       0.05s  
  Γ£ô delete throws exception when not found                                                                                                                                                                                   0.05s  
  Γ¿» create with all fields                                                                                                                                                                                                   0.04s  

   PASS  Tests\Unit\Services\FinancialRequest\FinancialRequestServiceTest
  Γ£ô reset out going notification resets accepted                                                                                                                                                                             0.06s  
  Γ£ô reset out going notification resets refused                                                                                                                                                                              0.03s  
  Γ£ô reset in coming notification resets notifications                                                                                                                                                                        0.03s  
  Γ£ô get by numero req returns request                                                                                                                                                                                        0.03s  
  Γ£ô get by numero req returns null for nonexistent                                                                                                                                                                           0.04s  
  Γ£ô get detail request returns detail                                                                                                                                                                                        0.04s  
  Γ£ô count requests in open counts correctly                                                                                                                                                                                  0.06s  
  Γ£ô count requests out accepted counts correctly                                                                                                                                                                             0.06s  
  Γ£ô count requests out refused counts correctly                                                                                                                                                                              0.05s  
  Γ£ô accept financial request accepts request                                                                                                                                                                                 0.04s  
  Γ£ô reject financial request rejects request                                                                                                                                                                                 0.04s  
  Γ£ô reject financial request marks refused when all reject                                                                                                                                                                   0.06s  
  Γ£ô cancel financial request cancels request                                                                                                                                                                                 0.03s  
  Γ£ô get requests from user returns requests                                                                                                                                                                                  0.05s  
  Γ£ô get requests from user excludes canceled                                                                                                                                                                                 0.05s  
  Γ£ô validate request for acceptance validates open request                                                                                                                                                                   0.04s  
  Γ£ô validate request for acceptance fails for non open                                                                                                                                                                       0.05s  
  Γ£ô validate and reject request rejects valid request                                                                                                                                                                        0.05s  
  Γ£ô validate and reject request fails for invalid                                                                                                                                                                            0.06s  
  Γ£ô create financial request creates request with details                                                                                                                                                                    0.05s  

   FAIL  Tests\Unit\Services\Hashtag\HashtagServiceTest
  Γ¿» get hashtags returns all hashtags                                                                                                                                                                                        0.04s  
  Γ£ô get hashtags filters by name                                                                                                                                                                                             0.04s  
  Γ£ô get hashtags filters by slug                                                                                                                                                                                             0.03s  
  Γ¿» get hashtags returns paginated results                                                                                                                                                                                   0.06s  
  Γ¿» get hashtags with custom ordering                                                                                                                                                                                        0.04s  
  Γ£ô get hashtags loads relationships                                                                                                                                                                                         0.03s  
  Γ£ô get hashtag by id returns hashtag                                                                                                                                                                                        0.04s  
  Γ£ô get hashtag by id returns null when not found                                                                                                                                                                            0.03s  
  Γ£ô get hashtag by id loads relationships                                                                                                                                                                                    0.03s  
  Γ£ô create hashtag creates new hashtag                                                                                                                                                                                       0.05s  
  Γ£ô create hashtag auto generates slug                                                                                                                                                                                       0.03s  
  Γ£ô update hashtag updates hashtag                                                                                                                                                                                           0.08s  
  Γ£ô update hashtag auto generates slug from name                                                                                                                                                                             0.05s  
  Γ£ô update hashtag returns false when not found                                                                                                                                                                              0.03s  
  Γ£ô delete hashtag deletes hashtag                                                                                                                                                                                           0.03s  
  Γ£ô delete hashtag returns false when not found                                                                                                                                                                              0.03s  
  Γ£ô hashtag exists returns true when name exists                                                                                                                                                                             0.04s  
  Γ£ô hashtag exists returns false when name does not exist                                                                                                                                                                    0.05s  
  Γ£ô hashtag exists excludes specific id                                                                                                                                                                                      0.07s  
  Γ£ô hashtag exists includes other ids                                                                                                                                                                                        0.03s  
  Γ£ô get hashtag by slug returns hashtag                                                                                                                                                                                      0.05s  
  Γ£ô get hashtag by slug returns null when not found                                                                                                                                                                          0.04s  
  Γ¿» get all returns all hashtags                                                                                                                                                                                             0.03s  
  Γ£ô find by id or fail returns hashtag                                                                                                                                                                                       0.03s  
  Γ£ô find by id or fail throws exception when not found                                                                                                                                                                       0.05s  
  Γ£ô create creates hashtag                                                                                                                                                                                                   0.04s  
  Γ£ô update updates hashtag                                                                                                                                                                                                   0.04s  

   PASS  Tests\Unit\Services\IdentificationRequestServiceTest
  Γ£ô get in progress requests works                                                                                                                                                                                           0.07s  
  Γ£ô get in progress requests returns empty on no data                                                                                                                                                                        0.03s  
  Γ£ô get requests by status works                                                                                                                                                                                             0.04s  
  Γ£ô get requests by status with single status                                                                                                                                                                                0.07s  
  Γ£ô get by id works                                                                                                                                                                                                          0.05s  
  Γ£ô get by id returns null for nonexistent                                                                                                                                                                                   0.03s  
  Γ£ô get in progress request by user id works                                                                                                                                                                                 0.03s  
  Γ£ô get in progress request by user id returns null                                                                                                                                                                          0.05s  
  Γ£ô update identity works                                                                                                                                                                                                    0.03s  
  Γ£ô reject identity works                                                                                                                                                                                                    0.04s  
  Γ£ô reject identity returns false when no request                                                                                                                                                                            0.04s  
  Γ£ô validate identity works                                                                                                                                                                                                  0.03s  
  Γ£ô validate identity returns false when no request                                                                                                                                                                          0.03s  
  Γ£ô validate identity returns false when callback returns null                                                                                                                                                               0.03s  

   PASS  Tests\Unit\Services\IdentificationUserRequestServiceTest
  Γ£ô create identification request works                                                                                                                                                                                      0.04s  
  Γ£ô create identification request with different status                                                                                                                                                                      0.05s  
  Γ£ô create identification request sets timestamps                                                                                                                                                                            0.05s  
  Γ£ô has identification request returns true                                                                                                                                                                                  0.05s  
  Γ£ô has identification request returns false                                                                                                                                                                                 0.07s  
  Γ£ô has identification request returns false when responded                                                                                                                                                                  0.04s  
  Γ£ô has identification request with multiple requests                                                                                                                                                                        0.06s  
  Γ£ô get latest rejected request works                                                                                                                                                                                        0.05s  
  Γ£ô get latest rejected request returns null                                                                                                                                                                                 0.05s  
  Γ£ô get latest rejected request filters by status                                                                                                                                                                            0.07s  
  Γ£ô get latest rejected request filters by user                                                                                                                                                                              0.07s  
